running egg_info
creating ../../build/ur10e_trajectory_pkg/ur10e_trajectory_pkg.egg-info
writing ../../build/ur10e_trajectory_pkg/ur10e_trajectory_pkg.egg-info/PKG-INFO
writing dependency_links to ../../build/ur10e_trajectory_pkg/ur10e_trajectory_pkg.egg-info/dependency_links.txt
writing entry points to ../../build/ur10e_trajectory_pkg/ur10e_trajectory_pkg.egg-info/entry_points.txt
writing requirements to ../../build/ur10e_trajectory_pkg/ur10e_trajectory_pkg.egg-info/requires.txt
writing top-level names to ../../build/ur10e_trajectory_pkg/ur10e_trajectory_pkg.egg-info/top_level.txt
writing manifest file '../../build/ur10e_trajectory_pkg/ur10e_trajectory_pkg.egg-info/SOURCES.txt'
reading manifest file '../../build/ur10e_trajectory_pkg/ur10e_trajectory_pkg.egg-info/SOURCES.txt'
writing manifest file '../../build/ur10e_trajectory_pkg/ur10e_trajectory_pkg.egg-info/SOURCES.txt'
running build
running build_py
creating /root/ros2_ws/build/ur10e_trajectory_pkg/build
creating /root/ros2_ws/build/ur10e_trajectory_pkg/build/lib
creating /root/ros2_ws/build/ur10e_trajectory_pkg/build/lib/ur10e_trajectory_pkg
copying ur10e_trajectory_pkg/VisualizeTraj.py -> /root/ros2_ws/build/ur10e_trajectory_pkg/build/lib/ur10e_trajectory_pkg
copying ur10e_trajectory_pkg/obstacle_markers.py -> /root/ros2_ws/build/ur10e_trajectory_pkg/build/lib/ur10e_trajectory_pkg
copying ur10e_trajectory_pkg/Validate_trajServer.py -> /root/ros2_ws/build/ur10e_trajectory_pkg/build/lib/ur10e_trajectory_pkg
copying ur10e_trajectory_pkg/VisualizeTraj_RvizPlayback.py -> /root/ros2_ws/build/ur10e_trajectory_pkg/build/lib/ur10e_trajectory_pkg
copying ur10e_trajectory_pkg/__init__.py -> /root/ros2_ws/build/ur10e_trajectory_pkg/build/lib/ur10e_trajectory_pkg
copying ur10e_trajectory_pkg/joint_state_to_gazebo_bridge.py -> /root/ros2_ws/build/ur10e_trajectory_pkg/build/lib/ur10e_trajectory_pkg
copying ur10e_trajectory_pkg/joint_state_to_gazebo_bridge_old (copy).py -> /root/ros2_ws/build/ur10e_trajectory_pkg/build/lib/ur10e_trajectory_pkg
copying ur10e_trajectory_pkg/validation_core.py -> /root/ros2_ws/build/ur10e_trajectory_pkg/build/lib/ur10e_trajectory_pkg
copying ur10e_trajectory_pkg/joint_state_to_gazebo_bridge_old.py -> /root/ros2_ws/build/ur10e_trajectory_pkg/build/lib/ur10e_trajectory_pkg
copying ur10e_trajectory_pkg/ClientNode.py -> /root/ros2_ws/build/ur10e_trajectory_pkg/build/lib/ur10e_trajectory_pkg
copying ur10e_trajectory_pkg/joint_state_node.py -> /root/ros2_ws/build/ur10e_trajectory_pkg/build/lib/ur10e_trajectory_pkg
running install
running install_lib
creating /root/ros2_ws/install/ur10e_trajectory_pkg/lib/python3.10/site-packages/ur10e_trajectory_pkg
copying /root/ros2_ws/build/ur10e_trajectory_pkg/build/lib/ur10e_trajectory_pkg/__init__.py -> /root/ros2_ws/install/ur10e_trajectory_pkg/lib/python3.10/site-packages/ur10e_trajectory_pkg
copying /root/ros2_ws/build/ur10e_trajectory_pkg/build/lib/ur10e_trajectory_pkg/joint_state_to_gazebo_bridge_old.py -> /root/ros2_ws/install/ur10e_trajectory_pkg/lib/python3.10/site-packages/ur10e_trajectory_pkg
copying /root/ros2_ws/build/ur10e_trajectory_pkg/build/lib/ur10e_trajectory_pkg/joint_state_to_gazebo_bridge.py -> /root/ros2_ws/install/ur10e_trajectory_pkg/lib/python3.10/site-packages/ur10e_trajectory_pkg
copying /root/ros2_ws/build/ur10e_trajectory_pkg/build/lib/ur10e_trajectory_pkg/Validate_trajServer.py -> /root/ros2_ws/install/ur10e_trajectory_pkg/lib/python3.10/site-packages/ur10e_trajectory_pkg
copying /root/ros2_ws/build/ur10e_trajectory_pkg/build/lib/ur10e_trajectory_pkg/obstacle_markers.py -> /root/ros2_ws/install/ur10e_trajectory_pkg/lib/python3.10/site-packages/ur10e_trajectory_pkg
copying /root/ros2_ws/build/ur10e_trajectory_pkg/build/lib/ur10e_trajectory_pkg/validation_core.py -> /root/ros2_ws/install/ur10e_trajectory_pkg/lib/python3.10/site-packages/ur10e_trajectory_pkg
copying /root/ros2_ws/build/ur10e_trajectory_pkg/build/lib/ur10e_trajectory_pkg/joint_state_to_gazebo_bridge_old (copy).py -> /root/ros2_ws/install/ur10e_trajectory_pkg/lib/python3.10/site-packages/ur10e_trajectory_pkg
copying /root/ros2_ws/build/ur10e_trajectory_pkg/build/lib/ur10e_trajectory_pkg/joint_state_node.py -> /root/ros2_ws/install/ur10e_trajectory_pkg/lib/python3.10/site-packages/ur10e_trajectory_pkg
copying /root/ros2_ws/build/ur10e_trajectory_pkg/build/lib/ur10e_trajectory_pkg/ClientNode.py -> /root/ros2_ws/install/ur10e_trajectory_pkg/lib/python3.10/site-packages/ur10e_trajectory_pkg
copying /root/ros2_ws/build/ur10e_trajectory_pkg/build/lib/ur10e_trajectory_pkg/VisualizeTraj_RvizPlayback.py -> /root/ros2_ws/install/ur10e_trajectory_pkg/lib/python3.10/site-packages/ur10e_trajectory_pkg
copying /root/ros2_ws/build/ur10e_trajectory_pkg/build/lib/ur10e_trajectory_pkg/VisualizeTraj.py -> /root/ros2_ws/install/ur10e_trajectory_pkg/lib/python3.10/site-packages/ur10e_trajectory_pkg
byte-compiling /root/ros2_ws/install/ur10e_trajectory_pkg/lib/python3.10/site-packages/ur10e_trajectory_pkg/__init__.py to __init__.cpython-310.pyc
byte-compiling /root/ros2_ws/install/ur10e_trajectory_pkg/lib/python3.10/site-packages/ur10e_trajectory_pkg/joint_state_to_gazebo_bridge_old.py to joint_state_to_gazebo_bridge_old.cpython-310.pyc
byte-compiling /root/ros2_ws/install/ur10e_trajectory_pkg/lib/python3.10/site-packages/ur10e_trajectory_pkg/joint_state_to_gazebo_bridge.py to joint_state_to_gazebo_bridge.cpython-310.pyc
byte-compiling /root/ros2_ws/install/ur10e_trajectory_pkg/lib/python3.10/site-packages/ur10e_trajectory_pkg/Validate_trajServer.py to Validate_trajServer.cpython-310.pyc
byte-compiling /root/ros2_ws/install/ur10e_trajectory_pkg/lib/python3.10/site-packages/ur10e_trajectory_pkg/obstacle_markers.py to obstacle_markers.cpython-310.pyc
byte-compiling /root/ros2_ws/install/ur10e_trajectory_pkg/lib/python3.10/site-packages/ur10e_trajectory_pkg/validation_core.py to validation_core.cpython-310.pyc
byte-compiling /root/ros2_ws/install/ur10e_trajectory_pkg/lib/python3.10/site-packages/ur10e_trajectory_pkg/joint_state_to_gazebo_bridge_old (copy).py to joint_state_to_gazebo_bridge_old (copy).cpython-310.pyc
byte-compiling /root/ros2_ws/install/ur10e_trajectory_pkg/lib/python3.10/site-packages/ur10e_trajectory_pkg/joint_state_node.py to joint_state_node.cpython-310.pyc
byte-compiling /root/ros2_ws/install/ur10e_trajectory_pkg/lib/python3.10/site-packages/ur10e_trajectory_pkg/ClientNode.py to ClientNode.cpython-310.pyc
byte-compiling /root/ros2_ws/install/ur10e_trajectory_pkg/lib/python3.10/site-packages/ur10e_trajectory_pkg/VisualizeTraj_RvizPlayback.py to VisualizeTraj_RvizPlayback.cpython-310.pyc
byte-compiling /root/ros2_ws/install/ur10e_trajectory_pkg/lib/python3.10/site-packages/ur10e_trajectory_pkg/VisualizeTraj.py to VisualizeTraj.cpython-310.pyc
running install_data
creating /root/ros2_ws/install/ur10e_trajectory_pkg/share/ament_index
creating /root/ros2_ws/install/ur10e_trajectory_pkg/share/ament_index/resource_index
creating /root/ros2_ws/install/ur10e_trajectory_pkg/share/ament_index/resource_index/packages
copying resource/ur10e_trajectory_pkg -> /root/ros2_ws/install/ur10e_trajectory_pkg/share/ament_index/resource_index/packages
copying package.xml -> /root/ros2_ws/install/ur10e_trajectory_pkg/share/ur10e_trajectory_pkg
creating /root/ros2_ws/install/ur10e_trajectory_pkg/share/ur10e_trajectory_pkg/launch
copying ur10e_trajectory_pkg/VisualizeTraj.py -> /root/ros2_ws/install/ur10e_trajectory_pkg/share/ur10e_trajectory_pkg/launch
copying ur10e_trajectory_pkg/VisualizeTraj_RvizPlayback.py -> /root/ros2_ws/install/ur10e_trajectory_pkg/share/ur10e_trajectory_pkg/launch
running install_egg_info
Copying ../../build/ur10e_trajectory_pkg/ur10e_trajectory_pkg.egg-info to /root/ros2_ws/install/ur10e_trajectory_pkg/lib/python3.10/site-packages/ur10e_trajectory_pkg-0.0.0-py3.10.egg-info
running install_scripts
Installing joint_state_node script to /root/ros2_ws/install/ur10e_trajectory_pkg/lib/ur10e_trajectory_pkg
Installing joint_state_to_gazebo_bridge script to /root/ros2_ws/install/ur10e_trajectory_pkg/lib/ur10e_trajectory_pkg
Installing obstacle_markers script to /root/ros2_ws/install/ur10e_trajectory_pkg/lib/ur10e_trajectory_pkg
Installing trajectory_client script to /root/ros2_ws/install/ur10e_trajectory_pkg/lib/ur10e_trajectory_pkg
Installing validation_server script to /root/ros2_ws/install/ur10e_trajectory_pkg/lib/ur10e_trajectory_pkg
writing list of installed files to '/root/ros2_ws/build/ur10e_trajectory_pkg/install.log'
