/root/ros2_ws/install/ur10e_trajectory_pkg/lib/python3.10/site-packages/ur10e_trajectory_pkg/VisualizeTraj.py
/root/ros2_ws/install/ur10e_trajectory_pkg/lib/python3.10/site-packages/ur10e_trajectory_pkg/obstacle_markers.py
/root/ros2_ws/install/ur10e_trajectory_pkg/lib/python3.10/site-packages/ur10e_trajectory_pkg/Validate_trajServer.py
/root/ros2_ws/install/ur10e_trajectory_pkg/lib/python3.10/site-packages/ur10e_trajectory_pkg/VisualizeTraj_RvizPlayback.py
/root/ros2_ws/install/ur10e_trajectory_pkg/lib/python3.10/site-packages/ur10e_trajectory_pkg/__init__.py
/root/ros2_ws/install/ur10e_trajectory_pkg/lib/python3.10/site-packages/ur10e_trajectory_pkg/joint_state_to_gazebo_bridge.py
/root/ros2_ws/install/ur10e_trajectory_pkg/lib/python3.10/site-packages/ur10e_trajectory_pkg/joint_state_to_gazebo_bridge_old (copy).py
/root/ros2_ws/install/ur10e_trajectory_pkg/lib/python3.10/site-packages/ur10e_trajectory_pkg/validation_core.py
/root/ros2_ws/install/ur10e_trajectory_pkg/lib/python3.10/site-packages/ur10e_trajectory_pkg/joint_state_to_gazebo_bridge_old.py
/root/ros2_ws/install/ur10e_trajectory_pkg/lib/python3.10/site-packages/ur10e_trajectory_pkg/ClientNode.py
/root/ros2_ws/install/ur10e_trajectory_pkg/lib/python3.10/site-packages/ur10e_trajectory_pkg/joint_state_node.py
/root/ros2_ws/install/ur10e_trajectory_pkg/lib/python3.10/site-packages/ur10e_trajectory_pkg/__pycache__/VisualizeTraj.cpython-310.pyc
/root/ros2_ws/install/ur10e_trajectory_pkg/lib/python3.10/site-packages/ur10e_trajectory_pkg/__pycache__/obstacle_markers.cpython-310.pyc
/root/ros2_ws/install/ur10e_trajectory_pkg/lib/python3.10/site-packages/ur10e_trajectory_pkg/__pycache__/Validate_trajServer.cpython-310.pyc
/root/ros2_ws/install/ur10e_trajectory_pkg/lib/python3.10/site-packages/ur10e_trajectory_pkg/__pycache__/VisualizeTraj_RvizPlayback.cpython-310.pyc
/root/ros2_ws/install/ur10e_trajectory_pkg/lib/python3.10/site-packages/ur10e_trajectory_pkg/__pycache__/__init__.cpython-310.pyc
/root/ros2_ws/install/ur10e_trajectory_pkg/lib/python3.10/site-packages/ur10e_trajectory_pkg/__pycache__/joint_state_to_gazebo_bridge.cpython-310.pyc
/root/ros2_ws/install/ur10e_trajectory_pkg/lib/python3.10/site-packages/ur10e_trajectory_pkg/__pycache__/joint_state_to_gazebo_bridge_old (copy).cpython-310.pyc
/root/ros2_ws/install/ur10e_trajectory_pkg/lib/python3.10/site-packages/ur10e_trajectory_pkg/__pycache__/validation_core.cpython-310.pyc
/root/ros2_ws/install/ur10e_trajectory_pkg/lib/python3.10/site-packages/ur10e_trajectory_pkg/__pycache__/joint_state_to_gazebo_bridge_old.cpython-310.pyc
/root/ros2_ws/install/ur10e_trajectory_pkg/lib/python3.10/site-packages/ur10e_trajectory_pkg/__pycache__/ClientNode.cpython-310.pyc
/root/ros2_ws/install/ur10e_trajectory_pkg/lib/python3.10/site-packages/ur10e_trajectory_pkg/__pycache__/joint_state_node.cpython-310.pyc
/root/ros2_ws/install/ur10e_trajectory_pkg/share/ament_index/resource_index/packages/ur10e_trajectory_pkg
/root/ros2_ws/install/ur10e_trajectory_pkg/share/ur10e_trajectory_pkg/package.xml
/root/ros2_ws/install/ur10e_trajectory_pkg/share/ur10e_trajectory_pkg/launch/VisualizeTraj.py
/root/ros2_ws/install/ur10e_trajectory_pkg/share/ur10e_trajectory_pkg/launch/VisualizeTraj_RvizPlayback.py
/root/ros2_ws/install/ur10e_trajectory_pkg/lib/python3.10/site-packages/ur10e_trajectory_pkg-0.0.0-py3.10.egg-info/dependency_links.txt
/root/ros2_ws/install/ur10e_trajectory_pkg/lib/python3.10/site-packages/ur10e_trajectory_pkg-0.0.0-py3.10.egg-info/SOURCES.txt
/root/ros2_ws/install/ur10e_trajectory_pkg/lib/python3.10/site-packages/ur10e_trajectory_pkg-0.0.0-py3.10.egg-info/PKG-INFO
/root/ros2_ws/install/ur10e_trajectory_pkg/lib/python3.10/site-packages/ur10e_trajectory_pkg-0.0.0-py3.10.egg-info/requires.txt
/root/ros2_ws/install/ur10e_trajectory_pkg/lib/python3.10/site-packages/ur10e_trajectory_pkg-0.0.0-py3.10.egg-info/zip-safe
/root/ros2_ws/install/ur10e_trajectory_pkg/lib/python3.10/site-packages/ur10e_trajectory_pkg-0.0.0-py3.10.egg-info/top_level.txt
/root/ros2_ws/install/ur10e_trajectory_pkg/lib/python3.10/site-packages/ur10e_trajectory_pkg-0.0.0-py3.10.egg-info/entry_points.txt
/root/ros2_ws/install/ur10e_trajectory_pkg/lib/ur10e_trajectory_pkg/joint_state_node
/root/ros2_ws/install/ur10e_trajectory_pkg/lib/ur10e_trajectory_pkg/joint_state_to_gazebo_bridge
/root/ros2_ws/install/ur10e_trajectory_pkg/lib/ur10e_trajectory_pkg/obstacle_markers
/root/ros2_ws/install/ur10e_trajectory_pkg/lib/ur10e_trajectory_pkg/trajectory_client
/root/ros2_ws/install/ur10e_trajectory_pkg/lib/ur10e_trajectory_pkg/validation_server
