[0.145s] DEBUG:colcon:Command line arguments: ['/usr/bin/colcon', 'build', '--packages-select', 'ur10e_trajectory_pkg']
[0.145s] DEBUG:colcon:Parsed command line arguments: Namespace(log_base=None, log_level=None, verb_name='build', build_base='build', install_base='install', merge_install=False, symlink_install=False, test_result_base=None, continue_on_error=False, executor='parallel', parallel_workers=8, event_handlers=None, ignore_user_meta=False, metas=['./colcon.meta'], base_paths=['.'], packages_ignore=None, packages_ignore_regex=None, paths=None, packages_up_to=None, packages_up_to_regex=None, packages_above=None, packages_above_and_dependencies=None, packages_above_depth=None, packages_select_by_dep=None, packages_skip_by_dep=None, packages_skip_up_to=None, packages_select_build_failed=False, packages_skip_build_finished=False, packages_select_test_failures=False, packages_skip_test_passed=False, packages_select=['ur10e_trajectory_pkg'], packages_skip=None, packages_select_regex=None, packages_skip_regex=None, packages_start=None, packages_end=None, allow_overriding=[], cmake_args=None, cmake_target=None, cmake_target_skip_unavailable=False, cmake_clean_cache=False, cmake_clean_first=False, cmake_force_configure=False, ament_cmake_args=None, catkin_cmake_args=None, catkin_skip_building_tests=False, mixin_files=None, mixin=None, verb_parser=<colcon_mixin.mixin.mixin_argument.MixinArgumentDecorator object at 0x7730b76a1d80>, verb_extension=<colcon_core.verb.build.BuildVerb object at 0x7730b76a16f0>, main=<bound method BuildVerb.main of <colcon_core.verb.build.BuildVerb object at 0x7730b76a16f0>>, mixin_verb=('build',))
[0.367s] Level 1:colcon.colcon_core.package_discovery:discover_packages(colcon_meta) check parameters
[0.368s] Level 1:colcon.colcon_core.package_discovery:discover_packages(recursive) check parameters
[0.368s] Level 1:colcon.colcon_core.package_discovery:discover_packages(ignore) check parameters
[0.368s] Level 1:colcon.colcon_core.package_discovery:discover_packages(path) check parameters
[0.368s] Level 1:colcon.colcon_core.package_discovery:discover_packages(colcon_meta) discover
[0.368s] Level 1:colcon.colcon_core.package_discovery:discover_packages(recursive) discover
[0.368s] INFO:colcon.colcon_core.package_discovery:Crawling recursively for packages in '/home/hjenkins33/ros2_ws/src/ur10e_trajectory_pkg/ur10e_trajectory_pkg'
[0.368s] Level 1:colcon.colcon_core.package_identification:_identify(.) by extensions ['ignore', 'ignore_ament_install']
[0.368s] Level 1:colcon.colcon_core.package_identification:_identify(.) by extension 'ignore'
[0.368s] Level 1:colcon.colcon_core.package_identification:_identify(.) by extension 'ignore_ament_install'
[0.368s] Level 1:colcon.colcon_core.package_identification:_identify(.) by extensions ['colcon_pkg']
[0.368s] Level 1:colcon.colcon_core.package_identification:_identify(.) by extension 'colcon_pkg'
[0.368s] Level 1:colcon.colcon_core.package_identification:_identify(.) by extensions ['colcon_meta']
[0.368s] Level 1:colcon.colcon_core.package_identification:_identify(.) by extension 'colcon_meta'
[0.368s] Level 1:colcon.colcon_core.package_identification:_identify(.) by extensions ['ros']
[0.368s] Level 1:colcon.colcon_core.package_identification:_identify(.) by extension 'ros'
[0.385s] Level 1:colcon.colcon_core.package_identification:_identify(.) by extensions ['cmake', 'python']
[0.385s] Level 1:colcon.colcon_core.package_identification:_identify(.) by extension 'cmake'
[0.385s] Level 1:colcon.colcon_core.package_identification:_identify(.) by extension 'python'
[0.385s] Level 1:colcon.colcon_core.package_identification:_identify(.) by extensions ['python_setup_py']
[0.385s] Level 1:colcon.colcon_core.package_identification:_identify(.) by extension 'python_setup_py'
[0.385s] Level 1:colcon.colcon_core.package_identification:_identify(build) by extensions ['ignore', 'ignore_ament_install']
[0.385s] Level 1:colcon.colcon_core.package_identification:_identify(build) by extension 'ignore'
[0.385s] Level 1:colcon.colcon_core.package_identification:_identify(build) ignored
[0.385s] Level 1:colcon.colcon_core.package_identification:_identify(install) by extensions ['ignore', 'ignore_ament_install']
[0.385s] Level 1:colcon.colcon_core.package_identification:_identify(install) by extension 'ignore'
[0.385s] Level 1:colcon.colcon_core.package_identification:_identify(install) ignored
[0.386s] Level 1:colcon.colcon_core.package_identification:_identify(log) by extensions ['ignore', 'ignore_ament_install']
[0.386s] Level 1:colcon.colcon_core.package_identification:_identify(log) by extension 'ignore'
[0.386s] Level 1:colcon.colcon_core.package_identification:_identify(log) ignored
[0.386s] Level 1:colcon.colcon_core.package_discovery:discover_packages(recursive) using defaults
[0.386s] Level 1:colcon.colcon_core.package_discovery:discover_packages(ignore) discover
[0.386s] Level 1:colcon.colcon_core.package_discovery:discover_packages(ignore) using defaults
[0.386s] Level 1:colcon.colcon_core.package_discovery:discover_packages(path) discover
[0.386s] Level 1:colcon.colcon_core.package_discovery:discover_packages(path) using defaults
[0.386s] WARNING:colcon.colcon_core.package_selection:ignoring unknown package 'ur10e_trajectory_pkg' in --packages-select
[0.414s] Level 1:colcon.colcon_core.package_discovery:discover_packages(prefix_path) check parameters
[0.414s] Level 1:colcon.colcon_core.package_discovery:discover_packages(prefix_path) discover
[0.417s] WARNING:colcon.colcon_ros.prefix_path.ament:The path '/home/hjenkins33/ros2_ws/install/ur_description' in the environment variable AMENT_PREFIX_PATH doesn't exist
[0.417s] WARNING:colcon.colcon_ros.prefix_path.ament:The path '/home/hjenkins33/ros2_ws/install/package1' in the environment variable AMENT_PREFIX_PATH doesn't exist
[0.417s] WARNING:colcon.colcon_ros.prefix_path.catkin:The path '/home/hjenkins33/ros2_ws/install/ur_description' in the environment variable CMAKE_PREFIX_PATH doesn't exist
[0.419s] DEBUG:colcon.colcon_installed_package_information.package_discovery:Found 2 installed packages in /home/hjenkins33/ros2_ws/install
[0.420s] DEBUG:colcon.colcon_installed_package_information.package_discovery:Found 273 installed packages in /opt/ros/humble
[0.422s] DEBUG:colcon.colcon_installed_package_information.package_discovery:Found 85 installed packages in /home/hjenkins33/miniconda3/envs/ros_humble
[0.425s] Level 1:colcon.colcon_core.package_discovery:discover_packages(prefix_path) using defaults
[0.476s] INFO:colcon.colcon_core.executor:Executing jobs using 'parallel' executor
[0.477s] DEBUG:colcon.colcon_parallel_executor.executor.parallel:run_until_complete
[0.477s] DEBUG:colcon.colcon_parallel_executor.executor.parallel:closing loop
[0.477s] DEBUG:colcon.colcon_parallel_executor.executor.parallel:loop closed
[0.477s] DEBUG:colcon.colcon_parallel_executor.executor.parallel:run_until_complete finished with '0'
[0.477s] DEBUG:colcon.colcon_core.event_reactor:joining thread
[0.477s] DEBUG:colcon.colcon_core.event_reactor:joined thread
[0.482s] INFO:colcon.colcon_core.plugin_system:Skipping extension 'colcon_core.shell.bat': Not used on non-Windows systems
[0.482s] INFO:colcon.colcon_core.shell:Creating prefix script '/home/hjenkins33/ros2_ws/src/ur10e_trajectory_pkg/ur10e_trajectory_pkg/install/local_setup.ps1'
[0.483s] INFO:colcon.colcon_core.shell:Creating prefix util module '/home/hjenkins33/ros2_ws/src/ur10e_trajectory_pkg/ur10e_trajectory_pkg/install/_local_setup_util_ps1.py'
[0.485s] INFO:colcon.colcon_core.shell:Creating prefix chain script '/home/hjenkins33/ros2_ws/src/ur10e_trajectory_pkg/ur10e_trajectory_pkg/install/setup.ps1'
[0.486s] INFO:colcon.colcon_core.shell:Creating prefix script '/home/hjenkins33/ros2_ws/src/ur10e_trajectory_pkg/ur10e_trajectory_pkg/install/local_setup.sh'
[0.487s] INFO:colcon.colcon_core.shell:Creating prefix util module '/home/hjenkins33/ros2_ws/src/ur10e_trajectory_pkg/ur10e_trajectory_pkg/install/_local_setup_util_sh.py'
[0.488s] INFO:colcon.colcon_core.shell:Creating prefix chain script '/home/hjenkins33/ros2_ws/src/ur10e_trajectory_pkg/ur10e_trajectory_pkg/install/setup.sh'
[0.489s] INFO:colcon.colcon_core.shell:Creating prefix script '/home/hjenkins33/ros2_ws/src/ur10e_trajectory_pkg/ur10e_trajectory_pkg/install/local_setup.bash'
[0.489s] INFO:colcon.colcon_core.shell:Creating prefix chain script '/home/hjenkins33/ros2_ws/src/ur10e_trajectory_pkg/ur10e_trajectory_pkg/install/setup.bash'
[0.491s] INFO:colcon.colcon_core.shell:Creating prefix script '/home/hjenkins33/ros2_ws/src/ur10e_trajectory_pkg/ur10e_trajectory_pkg/install/local_setup.zsh'
[0.491s] INFO:colcon.colcon_core.shell:Creating prefix chain script '/home/hjenkins33/ros2_ws/src/ur10e_trajectory_pkg/ur10e_trajectory_pkg/install/setup.zsh'
