running egg_info
writing ../../build/ur10e_trajectory_pkg/ur10e_trajectory_pkg.egg-info/PKG-INFO
writing dependency_links to ../../build/ur10e_trajectory_pkg/ur10e_trajectory_pkg.egg-info/dependency_links.txt
writing entry points to ../../build/ur10e_trajectory_pkg/ur10e_trajectory_pkg.egg-info/entry_points.txt
writing requirements to ../../build/ur10e_trajectory_pkg/ur10e_trajectory_pkg.egg-info/requires.txt
writing top-level names to ../../build/ur10e_trajectory_pkg/ur10e_trajectory_pkg.egg-info/top_level.txt
reading manifest file '../../build/ur10e_trajectory_pkg/ur10e_trajectory_pkg.egg-info/SOURCES.txt'
writing manifest file '../../build/ur10e_trajectory_pkg/ur10e_trajectory_pkg.egg-info/SOURCES.txt'
running build
running build_py
running install
running install_lib
running install_data
running install_egg_info
removing '/root/ros2_ws/install/ur10e_trajectory_pkg/lib/python3.10/site-packages/ur10e_trajectory_pkg-0.0.0-py3.10.egg-info' (and everything under it)
Copying ../../build/ur10e_trajectory_pkg/ur10e_trajectory_pkg.egg-info to /root/ros2_ws/install/ur10e_trajectory_pkg/lib/python3.10/site-packages/ur10e_trajectory_pkg-0.0.0-py3.10.egg-info
running install_scripts
Installing joint_state_node script to /root/ros2_ws/install/ur10e_trajectory_pkg/lib/ur10e_trajectory_pkg
Installing joint_state_to_gazebo_bridge script to /root/ros2_ws/install/ur10e_trajectory_pkg/lib/ur10e_trajectory_pkg
Installing obstacle_markers script to /root/ros2_ws/install/ur10e_trajectory_pkg/lib/ur10e_trajectory_pkg
Installing trajectory_client script to /root/ros2_ws/install/ur10e_trajectory_pkg/lib/ur10e_trajectory_pkg
Installing validation_server script to /root/ros2_ws/install/ur10e_trajectory_pkg/lib/ur10e_trajectory_pkg
writing list of installed files to '/root/ros2_ws/build/ur10e_trajectory_pkg/install.log'
