[0.103s] DEBUG:colcon:Command line arguments: ['/usr/bin/colcon', 'build']
[0.103s] DEBUG:colcon:Parsed command line arguments: Namespace(log_base=None, log_level=None, verb_name='build', build_base='build', install_base='install', merge_install=False, symlink_install=False, test_result_base=None, continue_on_error=False, executor='parallel', parallel_workers=8, event_handlers=None, ignore_user_meta=False, metas=['./colcon.meta'], base_paths=['.'], packages_ignore=None, packages_ignore_regex=None, paths=None, packages_up_to=None, packages_up_to_regex=None, packages_above=None, packages_above_and_dependencies=None, packages_above_depth=None, packages_select_by_dep=None, packages_skip_by_dep=None, packages_skip_up_to=None, packages_select_build_failed=False, packages_skip_build_finished=False, packages_select_test_failures=False, packages_skip_test_passed=False, packages_select=None, packages_skip=None, packages_select_regex=None, packages_skip_regex=None, packages_start=None, packages_end=None, cmake_args=None, cmake_target=None, cmake_target_skip_unavailable=False, cmake_clean_cache=False, cmake_clean_first=False, cmake_force_configure=False, ament_cmake_args=None, catkin_cmake_args=None, catkin_skip_building_tests=False, mixin_files=None, mixin=None, verb_parser=<colcon_mixin.mixin.mixin_argument.MixinArgumentDecorator object at 0x7875f5b551e0>, verb_extension=<colcon_core.verb.build.BuildVerb object at 0x7875f5b54b50>, main=<bound method BuildVerb.main of <colcon_core.verb.build.BuildVerb object at 0x7875f5b54b50>>, mixin_verb=('build',))
[0.238s] Level 1:colcon.colcon_core.package_discovery:discover_packages(colcon_meta) check parameters
[0.239s] INFO:colcon.colcon_metadata.package_discovery.colcon_meta:Using configuration from '/root/.colcon/metadata/default/Gazebo.meta'
[0.239s] INFO:colcon.colcon_metadata.package_discovery.colcon_meta:Using configuration from '/root/.colcon/metadata/default/fastdds.meta'
[0.240s] INFO:colcon.colcon_metadata.package_discovery.colcon_meta:Using configuration from '/root/.colcon/metadata/default/fastrtps.meta'
[0.240s] Level 1:colcon.colcon_core.package_discovery:discover_packages(recursive) check parameters
[0.240s] Level 1:colcon.colcon_core.package_discovery:discover_packages(ignore) check parameters
[0.240s] Level 1:colcon.colcon_core.package_discovery:discover_packages(path) check parameters
[0.240s] Level 1:colcon.colcon_core.package_discovery:discover_packages(colcon_meta) discover
[0.240s] Level 1:colcon.colcon_core.package_discovery:discover_packages(recursive) discover
[0.240s] INFO:colcon.colcon_core.package_discovery:Crawling recursively for packages in '/root/ros2_ws'
[0.240s] Level 1:colcon.colcon_core.package_identification:_identify(.) by extensions ['ignore', 'ignore_ament_install']
[0.240s] Level 1:colcon.colcon_core.package_identification:_identify(.) by extension 'ignore'
[0.240s] Level 1:colcon.colcon_core.package_identification:_identify(.) by extension 'ignore_ament_install'
[0.240s] Level 1:colcon.colcon_core.package_identification:_identify(.) by extensions ['colcon_pkg']
[0.240s] Level 1:colcon.colcon_core.package_identification:_identify(.) by extension 'colcon_pkg'
[0.240s] Level 1:colcon.colcon_core.package_identification:_identify(.) by extensions ['colcon_meta']
[0.240s] Level 1:colcon.colcon_core.package_identification:_identify(.) by extension 'colcon_meta'
[0.240s] Level 1:colcon.colcon_core.package_identification:_identify(.) by extensions ['ros']
[0.240s] Level 1:colcon.colcon_core.package_identification:_identify(.) by extension 'ros'
[0.249s] Level 1:colcon.colcon_core.package_identification:_identify(.) by extensions ['cmake', 'python']
[0.249s] Level 1:colcon.colcon_core.package_identification:_identify(.) by extension 'cmake'
[0.249s] Level 1:colcon.colcon_core.package_identification:_identify(.) by extension 'python'
[0.249s] Level 1:colcon.colcon_core.package_identification:_identify(.) by extensions ['python_setup_py']
[0.249s] Level 1:colcon.colcon_core.package_identification:_identify(.) by extension 'python_setup_py'
[0.249s] Level 1:colcon.colcon_core.package_identification:_identify(__pycache__) by extensions ['ignore', 'ignore_ament_install']
[0.249s] Level 1:colcon.colcon_core.package_identification:_identify(__pycache__) by extension 'ignore'
[0.250s] Level 1:colcon.colcon_core.package_identification:_identify(__pycache__) by extension 'ignore_ament_install'
[0.250s] Level 1:colcon.colcon_core.package_identification:_identify(__pycache__) by extensions ['colcon_pkg']
[0.250s] Level 1:colcon.colcon_core.package_identification:_identify(__pycache__) by extension 'colcon_pkg'
[0.250s] Level 1:colcon.colcon_core.package_identification:_identify(__pycache__) by extensions ['colcon_meta']
[0.250s] Level 1:colcon.colcon_core.package_identification:_identify(__pycache__) by extension 'colcon_meta'
[0.250s] Level 1:colcon.colcon_core.package_identification:_identify(__pycache__) by extensions ['ros']
[0.250s] Level 1:colcon.colcon_core.package_identification:_identify(__pycache__) by extension 'ros'
[0.250s] Level 1:colcon.colcon_core.package_identification:_identify(__pycache__) by extensions ['cmake', 'python']
[0.250s] Level 1:colcon.colcon_core.package_identification:_identify(__pycache__) by extension 'cmake'
[0.250s] Level 1:colcon.colcon_core.package_identification:_identify(__pycache__) by extension 'python'
[0.250s] Level 1:colcon.colcon_core.package_identification:_identify(__pycache__) by extensions ['python_setup_py']
[0.250s] Level 1:colcon.colcon_core.package_identification:_identify(__pycache__) by extension 'python_setup_py'
[0.250s] Level 1:colcon.colcon_core.package_identification:_identify(build) by extensions ['ignore', 'ignore_ament_install']
[0.250s] Level 1:colcon.colcon_core.package_identification:_identify(build) by extension 'ignore'
[0.250s] Level 1:colcon.colcon_core.package_identification:_identify(build) ignored
[0.250s] Level 1:colcon.colcon_core.package_identification:_identify(install) by extensions ['ignore', 'ignore_ament_install']
[0.250s] Level 1:colcon.colcon_core.package_identification:_identify(install) by extension 'ignore'
[0.250s] Level 1:colcon.colcon_core.package_identification:_identify(install) ignored
[0.251s] Level 1:colcon.colcon_core.package_identification:_identify(log) by extensions ['ignore', 'ignore_ament_install']
[0.251s] Level 1:colcon.colcon_core.package_identification:_identify(log) by extension 'ignore'
[0.251s] Level 1:colcon.colcon_core.package_identification:_identify(log) ignored
[0.251s] Level 1:colcon.colcon_core.package_identification:_identify(src) by extensions ['ignore', 'ignore_ament_install']
[0.251s] Level 1:colcon.colcon_core.package_identification:_identify(src) by extension 'ignore'
[0.251s] Level 1:colcon.colcon_core.package_identification:_identify(src) by extension 'ignore_ament_install'
[0.251s] Level 1:colcon.colcon_core.package_identification:_identify(src) by extensions ['colcon_pkg']
[0.251s] Level 1:colcon.colcon_core.package_identification:_identify(src) by extension 'colcon_pkg'
[0.251s] Level 1:colcon.colcon_core.package_identification:_identify(src) by extensions ['colcon_meta']
[0.251s] Level 1:colcon.colcon_core.package_identification:_identify(src) by extension 'colcon_meta'
[0.251s] Level 1:colcon.colcon_core.package_identification:_identify(src) by extensions ['ros']
[0.251s] Level 1:colcon.colcon_core.package_identification:_identify(src) by extension 'ros'
[0.251s] Level 1:colcon.colcon_core.package_identification:_identify(src) by extensions ['cmake', 'python']
[0.251s] Level 1:colcon.colcon_core.package_identification:_identify(src) by extension 'cmake'
[0.251s] Level 1:colcon.colcon_core.package_identification:_identify(src) by extension 'python'
[0.251s] Level 1:colcon.colcon_core.package_identification:_identify(src) by extensions ['python_setup_py']
[0.251s] Level 1:colcon.colcon_core.package_identification:_identify(src) by extension 'python_setup_py'
[0.251s] Level 1:colcon.colcon_core.package_identification:_identify(src/Universal_Robots_ROS2_Description) by extensions ['ignore', 'ignore_ament_install']
[0.252s] Level 1:colcon.colcon_core.package_identification:_identify(src/Universal_Robots_ROS2_Description) by extension 'ignore'
[0.252s] Level 1:colcon.colcon_core.package_identification:_identify(src/Universal_Robots_ROS2_Description) by extension 'ignore_ament_install'
[0.252s] Level 1:colcon.colcon_core.package_identification:_identify(src/Universal_Robots_ROS2_Description) by extensions ['colcon_pkg']
[0.252s] Level 1:colcon.colcon_core.package_identification:_identify(src/Universal_Robots_ROS2_Description) by extension 'colcon_pkg'
[0.252s] Level 1:colcon.colcon_core.package_identification:_identify(src/Universal_Robots_ROS2_Description) by extensions ['colcon_meta']
[0.252s] Level 1:colcon.colcon_core.package_identification:_identify(src/Universal_Robots_ROS2_Description) by extension 'colcon_meta'
[0.252s] Level 1:colcon.colcon_core.package_identification:_identify(src/Universal_Robots_ROS2_Description) by extensions ['ros']
[0.252s] Level 1:colcon.colcon_core.package_identification:_identify(src/Universal_Robots_ROS2_Description) by extension 'ros'
[0.254s] DEBUG:colcon.colcon_core.package_identification:Package 'src/Universal_Robots_ROS2_Description' with type 'ros.ament_cmake' and name 'ur_description'
[0.254s] Level 1:colcon.colcon_core.package_identification:_identify(src/package1) by extensions ['ignore', 'ignore_ament_install']
[0.254s] Level 1:colcon.colcon_core.package_identification:_identify(src/package1) by extension 'ignore'
[0.254s] Level 1:colcon.colcon_core.package_identification:_identify(src/package1) by extension 'ignore_ament_install'
[0.254s] Level 1:colcon.colcon_core.package_identification:_identify(src/package1) by extensions ['colcon_pkg']
[0.254s] Level 1:colcon.colcon_core.package_identification:_identify(src/package1) by extension 'colcon_pkg'
[0.254s] Level 1:colcon.colcon_core.package_identification:_identify(src/package1) by extensions ['colcon_meta']
[0.254s] Level 1:colcon.colcon_core.package_identification:_identify(src/package1) by extension 'colcon_meta'
[0.255s] Level 1:colcon.colcon_core.package_identification:_identify(src/package1) by extensions ['ros']
[0.255s] Level 1:colcon.colcon_core.package_identification:_identify(src/package1) by extension 'ros'
[0.255s] DEBUG:colcon.colcon_core.package_identification:Package 'src/package1' with type 'ros.ament_python' and name 'package1'
[0.255s] Level 1:colcon.colcon_core.package_identification:_identify(src/ur10e_interfaces) by extensions ['ignore', 'ignore_ament_install']
[0.255s] Level 1:colcon.colcon_core.package_identification:_identify(src/ur10e_interfaces) by extension 'ignore'
[0.255s] Level 1:colcon.colcon_core.package_identification:_identify(src/ur10e_interfaces) by extension 'ignore_ament_install'
[0.255s] Level 1:colcon.colcon_core.package_identification:_identify(src/ur10e_interfaces) by extensions ['colcon_pkg']
[0.255s] Level 1:colcon.colcon_core.package_identification:_identify(src/ur10e_interfaces) by extension 'colcon_pkg'
[0.255s] Level 1:colcon.colcon_core.package_identification:_identify(src/ur10e_interfaces) by extensions ['colcon_meta']
[0.255s] Level 1:colcon.colcon_core.package_identification:_identify(src/ur10e_interfaces) by extension 'colcon_meta'
[0.255s] Level 1:colcon.colcon_core.package_identification:_identify(src/ur10e_interfaces) by extensions ['ros']
[0.255s] Level 1:colcon.colcon_core.package_identification:_identify(src/ur10e_interfaces) by extension 'ros'
[0.256s] DEBUG:colcon.colcon_core.package_identification:Package 'src/ur10e_interfaces' with type 'ros.ament_cmake' and name 'ur10e_interfaces'
[0.256s] Level 1:colcon.colcon_core.package_identification:_identify(src/ur10e_trajectory_pkg) by extensions ['ignore', 'ignore_ament_install']
[0.256s] Level 1:colcon.colcon_core.package_identification:_identify(src/ur10e_trajectory_pkg) by extension 'ignore'
[0.256s] Level 1:colcon.colcon_core.package_identification:_identify(src/ur10e_trajectory_pkg) by extension 'ignore_ament_install'
[0.256s] Level 1:colcon.colcon_core.package_identification:_identify(src/ur10e_trajectory_pkg) by extensions ['colcon_pkg']
[0.256s] Level 1:colcon.colcon_core.package_identification:_identify(src/ur10e_trajectory_pkg) by extension 'colcon_pkg'
[0.256s] Level 1:colcon.colcon_core.package_identification:_identify(src/ur10e_trajectory_pkg) by extensions ['colcon_meta']
[0.256s] Level 1:colcon.colcon_core.package_identification:_identify(src/ur10e_trajectory_pkg) by extension 'colcon_meta'
[0.256s] Level 1:colcon.colcon_core.package_identification:_identify(src/ur10e_trajectory_pkg) by extensions ['ros']
[0.256s] Level 1:colcon.colcon_core.package_identification:_identify(src/ur10e_trajectory_pkg) by extension 'ros'
[0.257s] DEBUG:colcon.colcon_core.package_identification:Package 'src/ur10e_trajectory_pkg' with type 'ros.ament_python' and name 'ur10e_trajectory_pkg'
[0.257s] Level 1:colcon.colcon_core.package_discovery:discover_packages(recursive) using defaults
[0.257s] Level 1:colcon.colcon_core.package_discovery:discover_packages(ignore) discover
[0.257s] Level 1:colcon.colcon_core.package_discovery:discover_packages(ignore) using defaults
[0.257s] Level 1:colcon.colcon_core.package_discovery:discover_packages(path) discover
[0.257s] Level 1:colcon.colcon_core.package_discovery:discover_packages(path) using defaults
[0.274s] Level 5:colcon.colcon_core.verb:set package 'package1' build argument 'cmake_args' from command line to 'None'
[0.274s] Level 5:colcon.colcon_core.verb:set package 'package1' build argument 'cmake_target' from command line to 'None'
[0.274s] Level 5:colcon.colcon_core.verb:set package 'package1' build argument 'cmake_target_skip_unavailable' from command line to 'False'
[0.275s] Level 5:colcon.colcon_core.verb:set package 'package1' build argument 'cmake_clean_cache' from command line to 'False'
[0.275s] Level 5:colcon.colcon_core.verb:set package 'package1' build argument 'cmake_clean_first' from command line to 'False'
[0.275s] Level 5:colcon.colcon_core.verb:set package 'package1' build argument 'cmake_force_configure' from command line to 'False'
[0.275s] Level 5:colcon.colcon_core.verb:set package 'package1' build argument 'ament_cmake_args' from command line to 'None'
[0.275s] Level 5:colcon.colcon_core.verb:set package 'package1' build argument 'catkin_cmake_args' from command line to 'None'
[0.275s] Level 5:colcon.colcon_core.verb:set package 'package1' build argument 'catkin_skip_building_tests' from command line to 'False'
[0.275s] DEBUG:colcon.colcon_core.verb:Building package 'package1' with the following arguments: {'ament_cmake_args': None, 'build_base': '/root/ros2_ws/build/package1', 'catkin_cmake_args': None, 'catkin_skip_building_tests': False, 'cmake_args': None, 'cmake_clean_cache': False, 'cmake_clean_first': False, 'cmake_force_configure': False, 'cmake_target': None, 'cmake_target_skip_unavailable': False, 'install_base': '/root/ros2_ws/install/package1', 'merge_install': False, 'path': '/root/ros2_ws/src/package1', 'symlink_install': False, 'test_result_base': None}
[0.275s] Level 5:colcon.colcon_core.verb:set package 'ur10e_interfaces' build argument 'cmake_args' from command line to 'None'
[0.275s] Level 5:colcon.colcon_core.verb:set package 'ur10e_interfaces' build argument 'cmake_target' from command line to 'None'
[0.275s] Level 5:colcon.colcon_core.verb:set package 'ur10e_interfaces' build argument 'cmake_target_skip_unavailable' from command line to 'False'
[0.275s] Level 5:colcon.colcon_core.verb:set package 'ur10e_interfaces' build argument 'cmake_clean_cache' from command line to 'False'
[0.275s] Level 5:colcon.colcon_core.verb:set package 'ur10e_interfaces' build argument 'cmake_clean_first' from command line to 'False'
[0.275s] Level 5:colcon.colcon_core.verb:set package 'ur10e_interfaces' build argument 'cmake_force_configure' from command line to 'False'
[0.275s] Level 5:colcon.colcon_core.verb:set package 'ur10e_interfaces' build argument 'ament_cmake_args' from command line to 'None'
[0.275s] Level 5:colcon.colcon_core.verb:set package 'ur10e_interfaces' build argument 'catkin_cmake_args' from command line to 'None'
[0.275s] Level 5:colcon.colcon_core.verb:set package 'ur10e_interfaces' build argument 'catkin_skip_building_tests' from command line to 'False'
[0.275s] DEBUG:colcon.colcon_core.verb:Building package 'ur10e_interfaces' with the following arguments: {'ament_cmake_args': None, 'build_base': '/root/ros2_ws/build/ur10e_interfaces', 'catkin_cmake_args': None, 'catkin_skip_building_tests': False, 'cmake_args': None, 'cmake_clean_cache': False, 'cmake_clean_first': False, 'cmake_force_configure': False, 'cmake_target': None, 'cmake_target_skip_unavailable': False, 'install_base': '/root/ros2_ws/install/ur10e_interfaces', 'merge_install': False, 'path': '/root/ros2_ws/src/ur10e_interfaces', 'symlink_install': False, 'test_result_base': None}
[0.276s] Level 5:colcon.colcon_core.verb:set package 'ur_description' build argument 'cmake_args' from command line to 'None'
[0.276s] Level 5:colcon.colcon_core.verb:set package 'ur_description' build argument 'cmake_target' from command line to 'None'
[0.276s] Level 5:colcon.colcon_core.verb:set package 'ur_description' build argument 'cmake_target_skip_unavailable' from command line to 'False'
[0.276s] Level 5:colcon.colcon_core.verb:set package 'ur_description' build argument 'cmake_clean_cache' from command line to 'False'
[0.276s] Level 5:colcon.colcon_core.verb:set package 'ur_description' build argument 'cmake_clean_first' from command line to 'False'
[0.276s] Level 5:colcon.colcon_core.verb:set package 'ur_description' build argument 'cmake_force_configure' from command line to 'False'
[0.276s] Level 5:colcon.colcon_core.verb:set package 'ur_description' build argument 'ament_cmake_args' from command line to 'None'
[0.276s] Level 5:colcon.colcon_core.verb:set package 'ur_description' build argument 'catkin_cmake_args' from command line to 'None'
[0.276s] Level 5:colcon.colcon_core.verb:set package 'ur_description' build argument 'catkin_skip_building_tests' from command line to 'False'
[0.276s] DEBUG:colcon.colcon_core.verb:Building package 'ur_description' with the following arguments: {'ament_cmake_args': None, 'build_base': '/root/ros2_ws/build/ur_description', 'catkin_cmake_args': None, 'catkin_skip_building_tests': False, 'cmake_args': None, 'cmake_clean_cache': False, 'cmake_clean_first': False, 'cmake_force_configure': False, 'cmake_target': None, 'cmake_target_skip_unavailable': False, 'install_base': '/root/ros2_ws/install/ur_description', 'merge_install': False, 'path': '/root/ros2_ws/src/Universal_Robots_ROS2_Description', 'symlink_install': False, 'test_result_base': None}
[0.276s] Level 5:colcon.colcon_core.verb:set package 'ur10e_trajectory_pkg' build argument 'cmake_args' from command line to 'None'
[0.276s] Level 5:colcon.colcon_core.verb:set package 'ur10e_trajectory_pkg' build argument 'cmake_target' from command line to 'None'
[0.276s] Level 5:colcon.colcon_core.verb:set package 'ur10e_trajectory_pkg' build argument 'cmake_target_skip_unavailable' from command line to 'False'
[0.276s] Level 5:colcon.colcon_core.verb:set package 'ur10e_trajectory_pkg' build argument 'cmake_clean_cache' from command line to 'False'
[0.276s] Level 5:colcon.colcon_core.verb:set package 'ur10e_trajectory_pkg' build argument 'cmake_clean_first' from command line to 'False'
[0.276s] Level 5:colcon.colcon_core.verb:set package 'ur10e_trajectory_pkg' build argument 'cmake_force_configure' from command line to 'False'
[0.276s] Level 5:colcon.colcon_core.verb:set package 'ur10e_trajectory_pkg' build argument 'ament_cmake_args' from command line to 'None'
[0.276s] Level 5:colcon.colcon_core.verb:set package 'ur10e_trajectory_pkg' build argument 'catkin_cmake_args' from command line to 'None'
[0.276s] Level 5:colcon.colcon_core.verb:set package 'ur10e_trajectory_pkg' build argument 'catkin_skip_building_tests' from command line to 'False'
[0.276s] DEBUG:colcon.colcon_core.verb:Building package 'ur10e_trajectory_pkg' with the following arguments: {'ament_cmake_args': None, 'build_base': '/root/ros2_ws/build/ur10e_trajectory_pkg', 'catkin_cmake_args': None, 'catkin_skip_building_tests': False, 'cmake_args': None, 'cmake_clean_cache': False, 'cmake_clean_first': False, 'cmake_force_configure': False, 'cmake_target': None, 'cmake_target_skip_unavailable': False, 'install_base': '/root/ros2_ws/install/ur10e_trajectory_pkg', 'merge_install': False, 'path': '/root/ros2_ws/src/ur10e_trajectory_pkg', 'symlink_install': False, 'test_result_base': None}
[0.276s] INFO:colcon.colcon_core.executor:Executing jobs using 'parallel' executor
[0.277s] DEBUG:colcon.colcon_parallel_executor.executor.parallel:run_until_complete
[0.277s] INFO:colcon.colcon_ros.task.ament_cmake.build:Building ROS package in '/root/ros2_ws/src/ur10e_interfaces' with build type 'ament_cmake'
[0.277s] INFO:colcon.colcon_cmake.task.cmake.build:Building CMake package in '/root/ros2_ws/src/ur10e_interfaces'
[0.280s] INFO:colcon.colcon_core.plugin_system:Skipping extension 'colcon_core.shell.bat': Not used on non-Windows systems
[0.280s] INFO:colcon.colcon_core.shell:Skip shell extension 'powershell' for command environment: Not usable outside of PowerShell
[0.280s] DEBUG:colcon.colcon_core.shell:Skip shell extension 'dsv' for command environment
[0.285s] INFO:colcon.colcon_ros.task.ament_python.build:Building ROS package in '/root/ros2_ws/src/package1' with build type 'ament_python'
[0.285s] Level 1:colcon.colcon_core.shell:create_environment_hook('package1', 'ament_prefix_path')
[0.285s] INFO:colcon.colcon_core.shell:Creating environment hook '/root/ros2_ws/install/package1/share/package1/hook/ament_prefix_path.ps1'
[0.286s] INFO:colcon.colcon_core.shell:Creating environment descriptor '/root/ros2_ws/install/package1/share/package1/hook/ament_prefix_path.dsv'
[0.287s] INFO:colcon.colcon_core.shell:Creating environment hook '/root/ros2_ws/install/package1/share/package1/hook/ament_prefix_path.sh'
[0.287s] INFO:colcon.colcon_core.shell:Skip shell extension 'powershell' for command environment: Not usable outside of PowerShell
[0.287s] DEBUG:colcon.colcon_core.shell:Skip shell extension 'dsv' for command environment
[0.291s] INFO:colcon.colcon_ros.task.ament_cmake.build:Building ROS package in '/root/ros2_ws/src/Universal_Robots_ROS2_Description' with build type 'ament_cmake'
[0.291s] INFO:colcon.colcon_cmake.task.cmake.build:Building CMake package in '/root/ros2_ws/src/Universal_Robots_ROS2_Description'
[0.291s] INFO:colcon.colcon_core.shell:Skip shell extension 'powershell' for command environment: Not usable outside of PowerShell
[0.291s] DEBUG:colcon.colcon_core.shell:Skip shell extension 'dsv' for command environment
[0.306s] DEBUG:colcon.colcon_core.event_handler.log_command:Invoking command in '/root/ros2_ws/build/ur10e_interfaces': CMAKE_PREFIX_PATH=${CMAKE_PREFIX_PATH}:/root/ros2_ws/install/ur10e_trajectory_pkg:/root/ros2_ws/install/package1:/opt/ros/humble /usr/bin/cmake --build /root/ros2_ws/build/ur10e_interfaces -- -j8 -l8
[0.535s] INFO:colcon.colcon_core.task.python.build:Building Python package in '/root/ros2_ws/src/package1'
[0.536s] INFO:colcon.colcon_core.shell:Skip shell extension 'powershell' for command environment: Not usable outside of PowerShell
[0.536s] DEBUG:colcon.colcon_core.shell:Skip shell extension 'dsv' for command environment
[0.547s] DEBUG:colcon.colcon_core.event_handler.log_command:Invoking command in '/root/ros2_ws/build/ur_description': CMAKE_PREFIX_PATH=${CMAKE_PREFIX_PATH}:/root/ros2_ws/install/ur10e_trajectory_pkg:/root/ros2_ws/install/package1:/opt/ros/humble /usr/bin/cmake --build /root/ros2_ws/build/ur_description -- -j8 -l8
[0.574s] DEBUG:colcon.colcon_core.event_handler.log_command:Invoked command in '/root/ros2_ws/build/ur_description' returned '0': CMAKE_PREFIX_PATH=${CMAKE_PREFIX_PATH}:/root/ros2_ws/install/ur10e_trajectory_pkg:/root/ros2_ws/install/package1:/opt/ros/humble /usr/bin/cmake --build /root/ros2_ws/build/ur_description -- -j8 -l8
[0.582s] DEBUG:colcon.colcon_core.event_handler.log_command:Invoking command in '/root/ros2_ws/build/ur_description': CMAKE_PREFIX_PATH=${CMAKE_PREFIX_PATH}:/root/ros2_ws/install/ur10e_trajectory_pkg:/root/ros2_ws/install/package1:/opt/ros/humble /usr/bin/cmake --install /root/ros2_ws/build/ur_description
[0.605s] Level 1:colcon.colcon_core.environment:create_environment_scripts_only(ur_description)
[0.609s] Level 1:colcon.colcon_core.environment:checking '/root/ros2_ws/install/ur_description' for CMake module files
[0.611s] Level 1:colcon.colcon_core.environment:checking '/root/ros2_ws/install/ur_description' for CMake config files
[0.614s] Level 1:colcon.colcon_core.shell:create_environment_hook('ur_description', 'cmake_prefix_path')
[0.614s] INFO:colcon.colcon_core.shell:Creating environment hook '/root/ros2_ws/install/ur_description/share/ur_description/hook/cmake_prefix_path.ps1'
[0.614s] INFO:colcon.colcon_core.shell:Creating environment descriptor '/root/ros2_ws/install/ur_description/share/ur_description/hook/cmake_prefix_path.dsv'
[0.615s] INFO:colcon.colcon_core.shell:Creating environment hook '/root/ros2_ws/install/ur_description/share/ur_description/hook/cmake_prefix_path.sh'
[0.616s] Level 1:colcon.colcon_core.environment:checking '/root/ros2_ws/install/ur_description/bin'
[0.616s] Level 1:colcon.colcon_core.environment:checking '/root/ros2_ws/install/ur_description/lib/pkgconfig/ur_description.pc'
[0.616s] Level 1:colcon.colcon_core.environment:checking '/root/ros2_ws/install/ur_description/lib/python3.10/site-packages'
[0.617s] Level 1:colcon.colcon_core.environment:checking '/root/ros2_ws/install/ur_description/bin'
[0.617s] INFO:colcon.colcon_core.shell:Creating package script '/root/ros2_ws/install/ur_description/share/ur_description/package.ps1'
[0.618s] INFO:colcon.colcon_core.shell:Creating package descriptor '/root/ros2_ws/install/ur_description/share/ur_description/package.dsv'
[0.619s] INFO:colcon.colcon_core.shell:Creating package script '/root/ros2_ws/install/ur_description/share/ur_description/package.sh'
[0.620s] INFO:colcon.colcon_core.shell:Creating package script '/root/ros2_ws/install/ur_description/share/ur_description/package.bash'
[0.621s] INFO:colcon.colcon_core.shell:Creating package script '/root/ros2_ws/install/ur_description/share/ur_description/package.zsh'
[0.621s] Level 1:colcon.colcon_core.environment:create_file_with_runtime_dependencies(/root/ros2_ws/install/ur_description/share/colcon-core/packages/ur_description)
[0.622s] Level 1:colcon.colcon_core.environment:create_environment_scripts_only(ur_description)
[0.622s] Level 1:colcon.colcon_core.environment:checking '/root/ros2_ws/install/ur_description' for CMake module files
[0.623s] Level 1:colcon.colcon_core.environment:checking '/root/ros2_ws/install/ur_description' for CMake config files
[0.627s] Level 1:colcon.colcon_core.shell:create_environment_hook('ur_description', 'cmake_prefix_path')
[0.627s] INFO:colcon.colcon_core.shell:Creating environment hook '/root/ros2_ws/install/ur_description/share/ur_description/hook/cmake_prefix_path.ps1'
[0.627s] INFO:colcon.colcon_core.shell:Creating environment descriptor '/root/ros2_ws/install/ur_description/share/ur_description/hook/cmake_prefix_path.dsv'
[0.628s] INFO:colcon.colcon_core.shell:Creating environment hook '/root/ros2_ws/install/ur_description/share/ur_description/hook/cmake_prefix_path.sh'
[0.628s] DEBUG:colcon.colcon_core.event_handler.log_command:Invoked command in '/root/ros2_ws/build/ur_description' returned '0': CMAKE_PREFIX_PATH=${CMAKE_PREFIX_PATH}:/root/ros2_ws/install/ur10e_trajectory_pkg:/root/ros2_ws/install/package1:/opt/ros/humble /usr/bin/cmake --install /root/ros2_ws/build/ur_description
[0.629s] Level 1:colcon.colcon_core.environment:checking '/root/ros2_ws/install/ur_description/bin'
[0.629s] Level 1:colcon.colcon_core.environment:checking '/root/ros2_ws/install/ur_description/lib/pkgconfig/ur_description.pc'
[0.629s] Level 1:colcon.colcon_core.environment:checking '/root/ros2_ws/install/ur_description/lib/python3.10/site-packages'
[0.629s] Level 1:colcon.colcon_core.environment:checking '/root/ros2_ws/install/ur_description/bin'
[0.629s] INFO:colcon.colcon_core.shell:Creating package script '/root/ros2_ws/install/ur_description/share/ur_description/package.ps1'
[0.630s] INFO:colcon.colcon_core.shell:Creating package descriptor '/root/ros2_ws/install/ur_description/share/ur_description/package.dsv'
[0.630s] INFO:colcon.colcon_core.shell:Creating package script '/root/ros2_ws/install/ur_description/share/ur_description/package.sh'
[0.631s] INFO:colcon.colcon_core.shell:Creating package script '/root/ros2_ws/install/ur_description/share/ur_description/package.bash'
[0.631s] INFO:colcon.colcon_core.shell:Creating package script '/root/ros2_ws/install/ur_description/share/ur_description/package.zsh'
[0.631s] Level 1:colcon.colcon_core.environment:create_file_with_runtime_dependencies(/root/ros2_ws/install/ur_description/share/colcon-core/packages/ur_description)
[0.633s] DEBUG:colcon.colcon_core.event_handler.log_command:Invoked command in '/root/ros2_ws/build/ur10e_interfaces' returned '0': CMAKE_PREFIX_PATH=${CMAKE_PREFIX_PATH}:/root/ros2_ws/install/ur10e_trajectory_pkg:/root/ros2_ws/install/package1:/opt/ros/humble /usr/bin/cmake --build /root/ros2_ws/build/ur10e_interfaces -- -j8 -l8
[0.634s] DEBUG:colcon.colcon_core.event_handler.log_command:Invoking command in '/root/ros2_ws/build/ur10e_interfaces': CMAKE_PREFIX_PATH=${CMAKE_PREFIX_PATH}:/root/ros2_ws/install/ur10e_trajectory_pkg:/root/ros2_ws/install/package1:/opt/ros/humble /usr/bin/cmake --install /root/ros2_ws/build/ur10e_interfaces
[0.688s] Level 1:colcon.colcon_core.environment:create_environment_scripts_only(ur10e_interfaces)
[0.688s] Level 1:colcon.colcon_core.environment:checking '/root/ros2_ws/install/ur10e_interfaces' for CMake module files
[0.688s] DEBUG:colcon.colcon_core.event_handler.log_command:Invoked command in '/root/ros2_ws/build/ur10e_interfaces' returned '0': CMAKE_PREFIX_PATH=${CMAKE_PREFIX_PATH}:/root/ros2_ws/install/ur10e_trajectory_pkg:/root/ros2_ws/install/package1:/opt/ros/humble /usr/bin/cmake --install /root/ros2_ws/build/ur10e_interfaces
[0.689s] Level 1:colcon.colcon_core.environment:checking '/root/ros2_ws/install/ur10e_interfaces' for CMake config files
[0.690s] Level 1:colcon.colcon_core.shell:create_environment_hook('ur10e_interfaces', 'cmake_prefix_path')
[0.690s] INFO:colcon.colcon_core.shell:Creating environment hook '/root/ros2_ws/install/ur10e_interfaces/share/ur10e_interfaces/hook/cmake_prefix_path.ps1'
[0.691s] INFO:colcon.colcon_core.shell:Creating environment descriptor '/root/ros2_ws/install/ur10e_interfaces/share/ur10e_interfaces/hook/cmake_prefix_path.dsv'
[0.691s] INFO:colcon.colcon_core.shell:Creating environment hook '/root/ros2_ws/install/ur10e_interfaces/share/ur10e_interfaces/hook/cmake_prefix_path.sh'
[0.692s] Level 1:colcon.colcon_core.environment:checking '/root/ros2_ws/install/ur10e_interfaces/lib'
[0.692s] Level 1:colcon.colcon_core.shell:create_environment_hook('ur10e_interfaces', 'ld_library_path_lib')
[0.692s] INFO:colcon.colcon_core.shell:Creating environment hook '/root/ros2_ws/install/ur10e_interfaces/share/ur10e_interfaces/hook/ld_library_path_lib.ps1'
[0.693s] INFO:colcon.colcon_core.shell:Creating environment descriptor '/root/ros2_ws/install/ur10e_interfaces/share/ur10e_interfaces/hook/ld_library_path_lib.dsv'
[0.693s] INFO:colcon.colcon_core.shell:Creating environment hook '/root/ros2_ws/install/ur10e_interfaces/share/ur10e_interfaces/hook/ld_library_path_lib.sh'
[0.693s] Level 1:colcon.colcon_core.environment:checking '/root/ros2_ws/install/ur10e_interfaces/bin'
[0.693s] Level 1:colcon.colcon_core.environment:checking '/root/ros2_ws/install/ur10e_interfaces/lib/pkgconfig/ur10e_interfaces.pc'
[0.694s] Level 1:colcon.colcon_core.environment:checking '/root/ros2_ws/install/ur10e_interfaces/lib/python3.10/site-packages'
[0.694s] Level 1:colcon.colcon_core.environment:checking '/root/ros2_ws/install/ur10e_interfaces/bin'
[0.694s] INFO:colcon.colcon_core.shell:Creating package script '/root/ros2_ws/install/ur10e_interfaces/share/ur10e_interfaces/package.ps1'
[0.695s] INFO:colcon.colcon_core.shell:Creating package descriptor '/root/ros2_ws/install/ur10e_interfaces/share/ur10e_interfaces/package.dsv'
[0.695s] INFO:colcon.colcon_core.shell:Creating package script '/root/ros2_ws/install/ur10e_interfaces/share/ur10e_interfaces/package.sh'
[0.696s] INFO:colcon.colcon_core.shell:Creating package script '/root/ros2_ws/install/ur10e_interfaces/share/ur10e_interfaces/package.bash'
[0.696s] INFO:colcon.colcon_core.shell:Creating package script '/root/ros2_ws/install/ur10e_interfaces/share/ur10e_interfaces/package.zsh'
[0.696s] Level 1:colcon.colcon_core.environment:create_file_with_runtime_dependencies(/root/ros2_ws/install/ur10e_interfaces/share/colcon-core/packages/ur10e_interfaces)
[0.697s] Level 1:colcon.colcon_core.environment:create_environment_scripts_only(ur10e_interfaces)
[0.697s] Level 1:colcon.colcon_core.environment:checking '/root/ros2_ws/install/ur10e_interfaces' for CMake module files
[0.698s] Level 1:colcon.colcon_core.environment:checking '/root/ros2_ws/install/ur10e_interfaces' for CMake config files
[0.699s] Level 1:colcon.colcon_core.shell:create_environment_hook('ur10e_interfaces', 'cmake_prefix_path')
[0.699s] INFO:colcon.colcon_core.shell:Creating environment hook '/root/ros2_ws/install/ur10e_interfaces/share/ur10e_interfaces/hook/cmake_prefix_path.ps1'
[0.699s] INFO:colcon.colcon_core.shell:Creating environment descriptor '/root/ros2_ws/install/ur10e_interfaces/share/ur10e_interfaces/hook/cmake_prefix_path.dsv'
[0.699s] INFO:colcon.colcon_core.shell:Creating environment hook '/root/ros2_ws/install/ur10e_interfaces/share/ur10e_interfaces/hook/cmake_prefix_path.sh'
[0.700s] Level 1:colcon.colcon_core.environment:checking '/root/ros2_ws/install/ur10e_interfaces/lib'
[0.700s] Level 1:colcon.colcon_core.shell:create_environment_hook('ur10e_interfaces', 'ld_library_path_lib')
[0.700s] INFO:colcon.colcon_core.shell:Creating environment hook '/root/ros2_ws/install/ur10e_interfaces/share/ur10e_interfaces/hook/ld_library_path_lib.ps1'
[0.700s] INFO:colcon.colcon_core.shell:Creating environment descriptor '/root/ros2_ws/install/ur10e_interfaces/share/ur10e_interfaces/hook/ld_library_path_lib.dsv'
[0.701s] INFO:colcon.colcon_core.shell:Creating environment hook '/root/ros2_ws/install/ur10e_interfaces/share/ur10e_interfaces/hook/ld_library_path_lib.sh'
[0.701s] Level 1:colcon.colcon_core.environment:checking '/root/ros2_ws/install/ur10e_interfaces/bin'
[0.701s] Level 1:colcon.colcon_core.environment:checking '/root/ros2_ws/install/ur10e_interfaces/lib/pkgconfig/ur10e_interfaces.pc'
[0.701s] Level 1:colcon.colcon_core.environment:checking '/root/ros2_ws/install/ur10e_interfaces/lib/python3.10/site-packages'
[0.702s] Level 1:colcon.colcon_core.environment:checking '/root/ros2_ws/install/ur10e_interfaces/bin'
[0.702s] INFO:colcon.colcon_core.shell:Creating package script '/root/ros2_ws/install/ur10e_interfaces/share/ur10e_interfaces/package.ps1'
[0.702s] INFO:colcon.colcon_core.shell:Creating package descriptor '/root/ros2_ws/install/ur10e_interfaces/share/ur10e_interfaces/package.dsv'
[0.703s] INFO:colcon.colcon_core.shell:Creating package script '/root/ros2_ws/install/ur10e_interfaces/share/ur10e_interfaces/package.sh'
[0.703s] INFO:colcon.colcon_core.shell:Creating package script '/root/ros2_ws/install/ur10e_interfaces/share/ur10e_interfaces/package.bash'
[0.704s] INFO:colcon.colcon_core.shell:Creating package script '/root/ros2_ws/install/ur10e_interfaces/share/ur10e_interfaces/package.zsh'
[0.704s] Level 1:colcon.colcon_core.environment:create_file_with_runtime_dependencies(/root/ros2_ws/install/ur10e_interfaces/share/colcon-core/packages/ur10e_interfaces)
[0.704s] INFO:colcon.colcon_ros.task.ament_python.build:Building ROS package in '/root/ros2_ws/src/ur10e_trajectory_pkg' with build type 'ament_python'
[0.704s] Level 1:colcon.colcon_core.shell:create_environment_hook('ur10e_trajectory_pkg', 'ament_prefix_path')
[0.705s] INFO:colcon.colcon_core.shell:Creating environment hook '/root/ros2_ws/install/ur10e_trajectory_pkg/share/ur10e_trajectory_pkg/hook/ament_prefix_path.ps1'
[0.705s] INFO:colcon.colcon_core.shell:Creating environment descriptor '/root/ros2_ws/install/ur10e_trajectory_pkg/share/ur10e_trajectory_pkg/hook/ament_prefix_path.dsv'
[0.706s] INFO:colcon.colcon_core.shell:Creating environment hook '/root/ros2_ws/install/ur10e_trajectory_pkg/share/ur10e_trajectory_pkg/hook/ament_prefix_path.sh'
[0.706s] INFO:colcon.colcon_core.shell:Skip shell extension 'powershell' for command environment: Not usable outside of PowerShell
[0.706s] DEBUG:colcon.colcon_core.shell:Skip shell extension 'dsv' for command environment
[0.926s] INFO:colcon.colcon_core.task.python.build:Building Python package in '/root/ros2_ws/src/ur10e_trajectory_pkg'
[0.926s] INFO:colcon.colcon_core.shell:Skip shell extension 'powershell' for command environment: Not usable outside of PowerShell
[0.926s] DEBUG:colcon.colcon_core.shell:Skip shell extension 'dsv' for command environment
[0.930s] DEBUG:colcon.colcon_core.task.python.build:Available setuptools commands: bdist, build_py, bdist_dumb, upload, install_scripts, saveopts, clean, setopt, build_scripts, register, symlink_data, install_egg_info, rotate, install_data, install_lib, test, bdist_egg, install, dist_info, bdist_rpm, develop, bdist_wheel, alias, upload_docs, build, easy_install, install_headers, build_ext, sdist, check, build_clib, egg_info
[0.931s] DEBUG:colcon.colcon_core.event_handler.log_command:Invoking command in '/root/ros2_ws/src/package1': PYTHONPATH=/root/ros2_ws/build/package1/prefix_override:/usr/lib/python3/dist-packages/colcon_core/task/python/colcon_distutils_commands:/root/ros2_ws/install/package1/lib/python3.10/site-packages:${PYTHONPATH} /usr/bin/python3 -W ignore:setup.py install is deprecated -W ignore:easy_install command is deprecated setup.py egg_info --egg-base ../../build/package1 build --build-base /root/ros2_ws/build/package1/build install --record /root/ros2_ws/build/package1/install.log --install-scripts $base/lib/package1 --single-version-externally-managed install_data
[1.173s] Level 1:colcon.colcon_core.environment:checking '/root/ros2_ws/install/package1' for CMake module files
[1.173s] DEBUG:colcon.colcon_core.event_handler.log_command:Invoked command in '/root/ros2_ws/src/package1' returned '0': PYTHONPATH=/root/ros2_ws/build/package1/prefix_override:/usr/lib/python3/dist-packages/colcon_core/task/python/colcon_distutils_commands:/root/ros2_ws/install/package1/lib/python3.10/site-packages:${PYTHONPATH} /usr/bin/python3 -W ignore:setup.py install is deprecated -W ignore:easy_install command is deprecated setup.py egg_info --egg-base ../../build/package1 build --build-base /root/ros2_ws/build/package1/build install --record /root/ros2_ws/build/package1/install.log --install-scripts $base/lib/package1 --single-version-externally-managed install_data
[1.173s] Level 1:colcon.colcon_core.environment:checking '/root/ros2_ws/install/package1' for CMake config files
[1.174s] Level 1:colcon.colcon_core.environment:checking '/root/ros2_ws/install/package1/lib'
[1.174s] Level 1:colcon.colcon_core.environment:checking '/root/ros2_ws/install/package1/bin'
[1.174s] Level 1:colcon.colcon_core.environment:checking '/root/ros2_ws/install/package1/lib/pkgconfig/package1.pc'
[1.174s] Level 1:colcon.colcon_core.environment:checking '/root/ros2_ws/install/package1/lib/python3.10/site-packages'
[1.175s] Level 1:colcon.colcon_core.shell:create_environment_hook('package1', 'pythonpath')
[1.175s] INFO:colcon.colcon_core.shell:Creating environment hook '/root/ros2_ws/install/package1/share/package1/hook/pythonpath.ps1'
[1.175s] INFO:colcon.colcon_core.shell:Creating environment descriptor '/root/ros2_ws/install/package1/share/package1/hook/pythonpath.dsv'
[1.175s] INFO:colcon.colcon_core.shell:Creating environment hook '/root/ros2_ws/install/package1/share/package1/hook/pythonpath.sh'
[1.176s] Level 1:colcon.colcon_core.environment:checking '/root/ros2_ws/install/package1/bin'
[1.176s] Level 1:colcon.colcon_core.environment:create_environment_scripts_only(package1)
[1.176s] INFO:colcon.colcon_core.shell:Creating package script '/root/ros2_ws/install/package1/share/package1/package.ps1'
[1.177s] INFO:colcon.colcon_core.shell:Creating package descriptor '/root/ros2_ws/install/package1/share/package1/package.dsv'
[1.177s] INFO:colcon.colcon_core.shell:Creating package script '/root/ros2_ws/install/package1/share/package1/package.sh'
[1.177s] INFO:colcon.colcon_core.shell:Creating package script '/root/ros2_ws/install/package1/share/package1/package.bash'
[1.178s] INFO:colcon.colcon_core.shell:Creating package script '/root/ros2_ws/install/package1/share/package1/package.zsh'
[1.178s] Level 1:colcon.colcon_core.environment:create_file_with_runtime_dependencies(/root/ros2_ws/install/package1/share/colcon-core/packages/package1)
[1.197s] DEBUG:colcon.colcon_core.task.python.build:Available setuptools commands: bdist, build_py, bdist_dumb, upload, install_scripts, saveopts, clean, setopt, build_scripts, register, symlink_data, install_egg_info, rotate, install_data, install_lib, test, bdist_egg, install, dist_info, bdist_rpm, develop, bdist_wheel, alias, upload_docs, build, easy_install, install_headers, build_ext, sdist, check, build_clib, egg_info
[1.199s] DEBUG:colcon.colcon_core.event_handler.log_command:Invoking command in '/root/ros2_ws/src/ur10e_trajectory_pkg': CMAKE_PREFIX_PATH=/root/ros2_ws/install/ur10e_interfaces:/root/ros2_ws/install/ur_description PYTHONPATH=/root/ros2_ws/build/ur10e_trajectory_pkg/prefix_override:/usr/lib/python3/dist-packages/colcon_core/task/python/colcon_distutils_commands:/root/ros2_ws/install/ur10e_trajectory_pkg/lib/python3.10/site-packages:${PYTHONPATH} /usr/bin/python3 -W ignore:setup.py install is deprecated -W ignore:easy_install command is deprecated setup.py egg_info --egg-base ../../build/ur10e_trajectory_pkg build --build-base /root/ros2_ws/build/ur10e_trajectory_pkg/build install --record /root/ros2_ws/build/ur10e_trajectory_pkg/install.log --install-scripts $base/lib/ur10e_trajectory_pkg --single-version-externally-managed install_data
[1.436s] Level 1:colcon.colcon_core.environment:checking '/root/ros2_ws/install/ur10e_trajectory_pkg' for CMake module files
[1.436s] DEBUG:colcon.colcon_core.event_handler.log_command:Invoked command in '/root/ros2_ws/src/ur10e_trajectory_pkg' returned '0': CMAKE_PREFIX_PATH=/root/ros2_ws/install/ur10e_interfaces:/root/ros2_ws/install/ur_description PYTHONPATH=/root/ros2_ws/build/ur10e_trajectory_pkg/prefix_override:/usr/lib/python3/dist-packages/colcon_core/task/python/colcon_distutils_commands:/root/ros2_ws/install/ur10e_trajectory_pkg/lib/python3.10/site-packages:${PYTHONPATH} /usr/bin/python3 -W ignore:setup.py install is deprecated -W ignore:easy_install command is deprecated setup.py egg_info --egg-base ../../build/ur10e_trajectory_pkg build --build-base /root/ros2_ws/build/ur10e_trajectory_pkg/build install --record /root/ros2_ws/build/ur10e_trajectory_pkg/install.log --install-scripts $base/lib/ur10e_trajectory_pkg --single-version-externally-managed install_data
[1.437s] Level 1:colcon.colcon_core.environment:checking '/root/ros2_ws/install/ur10e_trajectory_pkg' for CMake config files
[1.437s] Level 1:colcon.colcon_core.environment:checking '/root/ros2_ws/install/ur10e_trajectory_pkg/lib'
[1.437s] Level 1:colcon.colcon_core.environment:checking '/root/ros2_ws/install/ur10e_trajectory_pkg/bin'
[1.437s] Level 1:colcon.colcon_core.environment:checking '/root/ros2_ws/install/ur10e_trajectory_pkg/lib/pkgconfig/ur10e_trajectory_pkg.pc'
[1.438s] Level 1:colcon.colcon_core.environment:checking '/root/ros2_ws/install/ur10e_trajectory_pkg/lib/python3.10/site-packages'
[1.438s] Level 1:colcon.colcon_core.shell:create_environment_hook('ur10e_trajectory_pkg', 'pythonpath')
[1.438s] INFO:colcon.colcon_core.shell:Creating environment hook '/root/ros2_ws/install/ur10e_trajectory_pkg/share/ur10e_trajectory_pkg/hook/pythonpath.ps1'
[1.438s] INFO:colcon.colcon_core.shell:Creating environment descriptor '/root/ros2_ws/install/ur10e_trajectory_pkg/share/ur10e_trajectory_pkg/hook/pythonpath.dsv'
[1.439s] INFO:colcon.colcon_core.shell:Creating environment hook '/root/ros2_ws/install/ur10e_trajectory_pkg/share/ur10e_trajectory_pkg/hook/pythonpath.sh'
[1.439s] Level 1:colcon.colcon_core.environment:checking '/root/ros2_ws/install/ur10e_trajectory_pkg/bin'
[1.439s] Level 1:colcon.colcon_core.environment:create_environment_scripts_only(ur10e_trajectory_pkg)
[1.439s] INFO:colcon.colcon_core.shell:Creating package script '/root/ros2_ws/install/ur10e_trajectory_pkg/share/ur10e_trajectory_pkg/package.ps1'
[1.440s] INFO:colcon.colcon_core.shell:Creating package descriptor '/root/ros2_ws/install/ur10e_trajectory_pkg/share/ur10e_trajectory_pkg/package.dsv'
[1.440s] INFO:colcon.colcon_core.shell:Creating package script '/root/ros2_ws/install/ur10e_trajectory_pkg/share/ur10e_trajectory_pkg/package.sh'
[1.441s] INFO:colcon.colcon_core.shell:Creating package script '/root/ros2_ws/install/ur10e_trajectory_pkg/share/ur10e_trajectory_pkg/package.bash'
[1.441s] INFO:colcon.colcon_core.shell:Creating package script '/root/ros2_ws/install/ur10e_trajectory_pkg/share/ur10e_trajectory_pkg/package.zsh'
[1.441s] Level 1:colcon.colcon_core.environment:create_file_with_runtime_dependencies(/root/ros2_ws/install/ur10e_trajectory_pkg/share/colcon-core/packages/ur10e_trajectory_pkg)
[1.441s] DEBUG:colcon.colcon_parallel_executor.executor.parallel:closing loop
[1.442s] DEBUG:colcon.colcon_parallel_executor.executor.parallel:loop closed
[1.442s] DEBUG:colcon.colcon_parallel_executor.executor.parallel:run_until_complete finished with '0'
[1.442s] DEBUG:colcon.colcon_core.event_reactor:joining thread
[1.446s] INFO:colcon.colcon_core.plugin_system:Skipping extension 'colcon_notification.desktop_notification.notify_send': Could not find 'notify-send'
[1.446s] INFO:colcon.colcon_core.plugin_system:Skipping extension 'colcon_notification.desktop_notification.terminal_notifier': Not used on non-Darwin systems
[1.446s] INFO:colcon.colcon_core.plugin_system:Skipping extension 'colcon_notification.desktop_notification.win32': Not used on non-Windows systems
[1.446s] INFO:colcon.colcon_notification.desktop_notification:Sending desktop notification using 'notify2'
[1.448s] DEBUG:colcon.colcon_notification.desktop_notification.notify2:Failed to initialize notify2: org.freedesktop.DBus.Error.Spawn.ExecFailed: /usr/bin/dbus-launch terminated abnormally without any error message
[1.448s] DEBUG:colcon.colcon_core.event_reactor:joined thread
[1.448s] INFO:colcon.colcon_core.shell:Creating prefix script '/root/ros2_ws/install/local_setup.ps1'
[1.449s] INFO:colcon.colcon_core.shell:Creating prefix util module '/root/ros2_ws/install/_local_setup_util_ps1.py'
[1.450s] INFO:colcon.colcon_core.shell:Creating prefix chain script '/root/ros2_ws/install/setup.ps1'
[1.452s] INFO:colcon.colcon_core.shell:Creating prefix script '/root/ros2_ws/install/local_setup.sh'
[1.452s] INFO:colcon.colcon_core.shell:Creating prefix util module '/root/ros2_ws/install/_local_setup_util_sh.py'
[1.452s] INFO:colcon.colcon_core.shell:Creating prefix chain script '/root/ros2_ws/install/setup.sh'
[1.454s] INFO:colcon.colcon_core.shell:Creating prefix script '/root/ros2_ws/install/local_setup.bash'
[1.454s] INFO:colcon.colcon_core.shell:Creating prefix chain script '/root/ros2_ws/install/setup.bash'
[1.455s] INFO:colcon.colcon_core.shell:Creating prefix script '/root/ros2_ws/install/local_setup.zsh'
[1.456s] INFO:colcon.colcon_core.shell:Creating prefix chain script '/root/ros2_ws/install/setup.zsh'
