[0.124s] [34mcolcon[0m [1;30mDEBUG[0m [32mCommand line arguments: ['/home/hjenkins33/miniconda3/envs/ros_env/bin/colcon', 'build', '--symlink-install'][0m
[0.124s] [34mcolcon[0m [1;30mDEBUG[0m [32mParsed command line arguments: Namespace(log_base=None, log_level=None, verb_name='build', build_base='build', install_base='install', merge_install=False, symlink_install=True, test_result_base=None, continue_on_error=False, executor='parallel', parallel_workers=8, event_handlers=None, ignore_user_meta=False, metas=['./colcon.meta'], base_paths=['.'], packages_ignore=None, packages_ignore_regex=None, paths=None, packages_up_to=None, packages_up_to_regex=None, packages_above=None, packages_above_and_dependencies=None, packages_above_depth=None, packages_select_by_dep=None, packages_skip_by_dep=None, packages_skip_up_to=None, packages_select_build_failed=False, packages_skip_build_finished=False, packages_select_test_failures=False, packages_skip_test_passed=False, packages_select=None, packages_skip=None, packages_select_regex=None, packages_skip_regex=None, packages_start=None, packages_end=None, cmake_args=None, cmake_target=None, cmake_target_skip_unavailable=False, cmake_clean_cache=False, cmake_clean_first=False, cmake_force_configure=False, ament_cmake_args=None, catkin_cmake_args=None, catkin_skip_building_tests=False, mixin_files=None, mixin=None, verb_parser=<colcon_mixin.mixin.mixin_argument.MixinArgumentDecorator object at 0x76aa63288860>, verb_extension=<colcon_core.verb.build.BuildVerb object at 0x76aa63d1b5c0>, main=<bound method BuildVerb.main of <colcon_core.verb.build.BuildVerb object at 0x76aa63d1b5c0>>, mixin_verb=('build',))[0m
[0.162s] [34mcolcon.colcon_core.extension_point[0m [1;30mERROR[0m [31mException loading extension 'colcon_core.package_identification.python_setup_py': module 'pkgutil' has no attribute 'ImpImporter'
Traceback (most recent call last):
  File "/home/hjenkins33/miniconda3/envs/ros_env/lib/python3.12/site-packages/colcon_core/extension_point.py", line 169, in load_extension_points
    extension_type = load_extension_point(name, value, group)
                     ^^^^^^^^^^^^^^^^^^^^^^^^^^^^^^^^^^^^^^^^
  File "/home/hjenkins33/miniconda3/envs/ros_env/lib/python3.12/site-packages/colcon_core/extension_point.py", line 210, in load_extension_point
    return EntryPoint(name, value, group).load()
           ^^^^^^^^^^^^^^^^^^^^^^^^^^^^^^^^^^^^^
  File "/home/hjenkins33/miniconda3/envs/ros_env/lib/python3.12/importlib/metadata/__init__.py", line 205, in load
    module = import_module(match.group('module'))
             ^^^^^^^^^^^^^^^^^^^^^^^^^^^^^^^^^^^^
  File "/home/hjenkins33/miniconda3/envs/ros_env/lib/python3.12/importlib/__init__.py", line 90, in import_module
    return _bootstrap._gcd_import(name[level:], package, level)
           ^^^^^^^^^^^^^^^^^^^^^^^^^^^^^^^^^^^^^^^^^^^^^^^^^^^^
  File "<frozen importlib._bootstrap>", line 1387, in _gcd_import
  File "<frozen importlib._bootstrap>", line 1360, in _find_and_load
  File "<frozen importlib._bootstrap>", line 1331, in _find_and_load_unlocked
  File "<frozen importlib._bootstrap>", line 935, in _load_unlocked
  File "<frozen importlib._bootstrap_external>", line 999, in exec_module
  File "<frozen importlib._bootstrap>", line 488, in _call_with_frames_removed
  File "/home/hjenkins33/miniconda3/envs/ros_env/lib/python3.12/site-packages/colcon_python_setup_py/package_identification/python_setup_py.py", line 9, in <module>
    import setuptools
  File "/home/hjenkins33/miniconda3/envs/ros_env/lib/python3.12/site-packages/setuptools/__init__.py", line 16, in <module>
    import setuptools.version
  File "/home/hjenkins33/miniconda3/envs/ros_env/lib/python3.12/site-packages/setuptools/version.py", line 1, in <module>
    import pkg_resources
  File "/home/hjenkins33/miniconda3/envs/ros_env/lib/python3.12/site-packages/pkg_resources/__init__.py", line 2191, in <module>
    register_finder(pkgutil.ImpImporter, find_on_path)
                    ^^^^^^^^^^^^^^^^^^^
AttributeError: module 'pkgutil' has no attribute 'ImpImporter'. Did you mean: 'zipimporter'?
[0m
[0.163s] [34mcolcon.colcon_core.package_discovery[0m [1;30mLevel 1[0m discover_packages(colcon_meta) check parameters
[0.163s] [34mcolcon.colcon_core.package_discovery[0m [1;30mLevel 1[0m discover_packages(recursive) check parameters
[0.163s] [34mcolcon.colcon_core.package_discovery[0m [1;30mLevel 1[0m discover_packages(ignore) check parameters
[0.163s] [34mcolcon.colcon_core.package_discovery[0m [1;30mLevel 1[0m discover_packages(path) check parameters
[0.163s] [34mcolcon.colcon_core.package_discovery[0m [1;30mLevel 1[0m discover_packages(colcon_meta) discover
[0.163s] [34mcolcon.colcon_core.package_discovery[0m [1;30mLevel 1[0m discover_packages(recursive) discover
[0.163s] [34mcolcon.colcon_core.package_discovery[0m [1;30mINFO[0m Crawling recursively for packages in '/home/hjenkins33/ros2_ws/src/package1'
[0.163s] [34mcolcon.colcon_core.package_identification[0m [1;30mLevel 1[0m _identify(.) by extensions ['ignore', 'ignore_ament_install']
[0.163s] [34mcolcon.colcon_core.package_identification[0m [1;30mLevel 1[0m _identify(.) by extension 'ignore'
[0.163s] [34mcolcon.colcon_core.package_identification[0m [1;30mLevel 1[0m _identify(.) by extension 'ignore_ament_install'
[0.164s] [34mcolcon.colcon_core.package_identification[0m [1;30mLevel 1[0m _identify(.) by extensions ['colcon_pkg']
[0.164s] [34mcolcon.colcon_core.package_identification[0m [1;30mLevel 1[0m _identify(.) by extension 'colcon_pkg'
[0.164s] [34mcolcon.colcon_core.package_identification[0m [1;30mLevel 1[0m _identify(.) by extensions ['colcon_meta']
[0.164s] [34mcolcon.colcon_core.package_identification[0m [1;30mLevel 1[0m _identify(.) by extension 'colcon_meta'
[0.164s] [34mcolcon.colcon_core.package_identification[0m [1;30mLevel 1[0m _identify(.) by extensions ['ros']
[0.164s] [34mcolcon.colcon_core.package_identification[0m [1;30mLevel 1[0m _identify(.) by extension 'ros'
[0.186s] [34mcolcon.colcon_core.package_identification[0m [1;30mDEBUG[0m [32mPackage '.' with type 'ros.ament_python' and name 'package1'[0m
[0.186s] [34mcolcon.colcon_core.package_discovery[0m [1;30mLevel 1[0m discover_packages(recursive) using defaults
[0.186s] [34mcolcon.colcon_core.package_discovery[0m [1;30mLevel 1[0m discover_packages(ignore) discover
[0.186s] [34mcolcon.colcon_core.package_discovery[0m [1;30mLevel 1[0m discover_packages(ignore) using defaults
[0.187s] [34mcolcon.colcon_core.package_discovery[0m [1;30mLevel 1[0m discover_packages(path) discover
[0.187s] [34mcolcon.colcon_core.package_discovery[0m [1;30mLevel 1[0m discover_packages(path) using defaults
[0.200s] [34mcolcon.colcon_core.extension_point[0m [1;30mERROR[0m [31mException loading extension 'colcon_core.package_augmentation.python_setup_py': module 'pkgutil' has no attribute 'ImpImporter'
Traceback (most recent call last):
  File "/home/hjenkins33/miniconda3/envs/ros_env/lib/python3.12/site-packages/colcon_core/extension_point.py", line 169, in load_extension_points
    extension_type = load_extension_point(name, value, group)
                     ^^^^^^^^^^^^^^^^^^^^^^^^^^^^^^^^^^^^^^^^
  File "/home/hjenkins33/miniconda3/envs/ros_env/lib/python3.12/site-packages/colcon_core/extension_point.py", line 210, in load_extension_point
    return EntryPoint(name, value, group).load()
           ^^^^^^^^^^^^^^^^^^^^^^^^^^^^^^^^^^^^^
  File "/home/hjenkins33/miniconda3/envs/ros_env/lib/python3.12/importlib/metadata/__init__.py", line 205, in load
    module = import_module(match.group('module'))
             ^^^^^^^^^^^^^^^^^^^^^^^^^^^^^^^^^^^^
  File "/home/hjenkins33/miniconda3/envs/ros_env/lib/python3.12/importlib/__init__.py", line 90, in import_module
    return _bootstrap._gcd_import(name[level:], package, level)
           ^^^^^^^^^^^^^^^^^^^^^^^^^^^^^^^^^^^^^^^^^^^^^^^^^^^^
  File "<frozen importlib._bootstrap>", line 1387, in _gcd_import
  File "<frozen importlib._bootstrap>", line 1360, in _find_and_load
  File "<frozen importlib._bootstrap>", line 1331, in _find_and_load_unlocked
  File "<frozen importlib._bootstrap>", line 935, in _load_unlocked
  File "<frozen importlib._bootstrap_external>", line 999, in exec_module
  File "<frozen importlib._bootstrap>", line 488, in _call_with_frames_removed
  File "/home/hjenkins33/miniconda3/envs/ros_env/lib/python3.12/site-packages/colcon_python_setup_py/package_augmentation/python_setup_py.py", line 9, in <module>
    from colcon_python_setup_py.package_identification.python_setup_py import \
  File "/home/hjenkins33/miniconda3/envs/ros_env/lib/python3.12/site-packages/colcon_python_setup_py/package_identification/python_setup_py.py", line 9, in <module>
    import setuptools
  File "/home/hjenkins33/miniconda3/envs/ros_env/lib/python3.12/site-packages/setuptools/__init__.py", line 16, in <module>
    import setuptools.version
  File "/home/hjenkins33/miniconda3/envs/ros_env/lib/python3.12/site-packages/setuptools/version.py", line 1, in <module>
    import pkg_resources
  File "/home/hjenkins33/miniconda3/envs/ros_env/lib/python3.12/site-packages/pkg_resources/__init__.py", line 2191, in <module>
    register_finder(pkgutil.ImpImporter, find_on_path)
                    ^^^^^^^^^^^^^^^^^^^
AttributeError: module 'pkgutil' has no attribute 'ImpImporter'. Did you mean: 'zipimporter'?
[0m
[0.202s] [34mcolcon.colcon_core.extension_point[0m [1;30mERROR[0m [31mException loading extension 'colcon_core.package_augmentation.ros_ament_python': module 'pkgutil' has no attribute 'ImpImporter'
Traceback (most recent call last):
  File "/home/hjenkins33/miniconda3/envs/ros_env/lib/python3.12/site-packages/colcon_core/extension_point.py", line 169, in load_extension_points
    extension_type = load_extension_point(name, value, group)
                     ^^^^^^^^^^^^^^^^^^^^^^^^^^^^^^^^^^^^^^^^
  File "/home/hjenkins33/miniconda3/envs/ros_env/lib/python3.12/site-packages/colcon_core/extension_point.py", line 210, in load_extension_point
    return EntryPoint(name, value, group).load()
           ^^^^^^^^^^^^^^^^^^^^^^^^^^^^^^^^^^^^^
  File "/home/hjenkins33/miniconda3/envs/ros_env/lib/python3.12/importlib/metadata/__init__.py", line 205, in load
    module = import_module(match.group('module'))
             ^^^^^^^^^^^^^^^^^^^^^^^^^^^^^^^^^^^^
  File "/home/hjenkins33/miniconda3/envs/ros_env/lib/python3.12/importlib/__init__.py", line 90, in import_module
    return _bootstrap._gcd_import(name[level:], package, level)
           ^^^^^^^^^^^^^^^^^^^^^^^^^^^^^^^^^^^^^^^^^^^^^^^^^^^^
  File "<frozen importlib._bootstrap>", line 1387, in _gcd_import
  File "<frozen importlib._bootstrap>", line 1360, in _find_and_load
  File "<frozen importlib._bootstrap>", line 1331, in _find_and_load_unlocked
  File "<frozen importlib._bootstrap>", line 935, in _load_unlocked
  File "<frozen importlib._bootstrap_external>", line 999, in exec_module
  File "<frozen importlib._bootstrap>", line 488, in _call_with_frames_removed
  File "/home/hjenkins33/miniconda3/envs/ros_env/lib/python3.12/site-packages/colcon_ros/package_augmentation/ros_ament_python.py", line 8, in <module>
    from colcon_python_setup_py.package_identification.python_setup_py \
  File "/home/hjenkins33/miniconda3/envs/ros_env/lib/python3.12/site-packages/colcon_python_setup_py/package_identification/python_setup_py.py", line 9, in <module>
    import setuptools
  File "/home/hjenkins33/miniconda3/envs/ros_env/lib/python3.12/site-packages/setuptools/__init__.py", line 16, in <module>
    import setuptools.version
  File "/home/hjenkins33/miniconda3/envs/ros_env/lib/python3.12/site-packages/setuptools/version.py", line 1, in <module>
    import pkg_resources
  File "/home/hjenkins33/miniconda3/envs/ros_env/lib/python3.12/site-packages/pkg_resources/__init__.py", line 2191, in <module>
    register_finder(pkgutil.ImpImporter, find_on_path)
                    ^^^^^^^^^^^^^^^^^^^
AttributeError: module 'pkgutil' has no attribute 'ImpImporter'. Did you mean: 'zipimporter'?
[0m
[0.203s] [34mcolcon.colcon_core.verb[0m [1;30mLevel 5[0m set package 'package1' build argument 'cmake_args' from command line to 'None'
[0.203s] [34mcolcon.colcon_core.verb[0m [1;30mLevel 5[0m set package 'package1' build argument 'cmake_target' from command line to 'None'
[0.203s] [34mcolcon.colcon_core.verb[0m [1;30mLevel 5[0m set package 'package1' build argument 'cmake_target_skip_unavailable' from command line to 'False'
[0.203s] [34mcolcon.colcon_core.verb[0m [1;30mLevel 5[0m set package 'package1' build argument 'cmake_clean_cache' from command line to 'False'
[0.203s] [34mcolcon.colcon_core.verb[0m [1;30mLevel 5[0m set package 'package1' build argument 'cmake_clean_first' from command line to 'False'
[0.203s] [34mcolcon.colcon_core.verb[0m [1;30mLevel 5[0m set package 'package1' build argument 'cmake_force_configure' from command line to 'False'
[0.203s] [34mcolcon.colcon_core.verb[0m [1;30mLevel 5[0m set package 'package1' build argument 'ament_cmake_args' from command line to 'None'
[0.203s] [34mcolcon.colcon_core.verb[0m [1;30mLevel 5[0m set package 'package1' build argument 'catkin_cmake_args' from command line to 'None'
[0.203s] [34mcolcon.colcon_core.verb[0m [1;30mLevel 5[0m set package 'package1' build argument 'catkin_skip_building_tests' from command line to 'False'
[0.203s] [34mcolcon.colcon_core.verb[0m [1;30mDEBUG[0m [32mBuilding package 'package1' with the following arguments: {'ament_cmake_args': None, 'build_base': '/home/hjenkins33/ros2_ws/src/package1/build/package1', 'catkin_cmake_args': None, 'catkin_skip_building_tests': False, 'cmake_args': None, 'cmake_clean_cache': False, 'cmake_clean_first': False, 'cmake_force_configure': False, 'cmake_target': None, 'cmake_target_skip_unavailable': False, 'install_base': '/home/hjenkins33/ros2_ws/src/package1/install/package1', 'merge_install': False, 'path': '/home/hjenkins33/ros2_ws/src/package1', 'symlink_install': True, 'test_result_base': None}[0m
[0.203s] [34mcolcon.colcon_core.executor[0m [1;30mINFO[0m Executing jobs using 'parallel' executor
[0.204s] [34mcolcon.colcon_parallel_executor.executor.parallel[0m [1;30mDEBUG[0m [32mrun_until_complete[0m
[0.204s] [34mcolcon.colcon_ros.task.ament_python.build[0m [1;30mINFO[0m Building ROS package in '/home/hjenkins33/ros2_ws/src/package1' with build type 'ament_python'
[0.204s] [34mcolcon.colcon_core.shell[0m [1;30mLevel 1[0m create_environment_hook('package1', 'ament_prefix_path')
[0.206s] [34mcolcon.colcon_core.plugin_system[0m [1;30mINFO[0m Skipping extension 'colcon_core.shell.bat': Not used on non-Windows systems
[0.206s] [34mcolcon.colcon_core.shell[0m [1;30mINFO[0m Creating environment hook '/home/hjenkins33/ros2_ws/src/package1/install/package1/share/package1/hook/ament_prefix_path.ps1'
[0.206s] [34mcolcon.colcon_core.shell[0m [1;30mINFO[0m Creating environment descriptor '/home/hjenkins33/ros2_ws/src/package1/install/package1/share/package1/hook/ament_prefix_path.dsv'
[0.207s] [34mcolcon.colcon_core.shell[0m [1;30mINFO[0m Creating environment hook '/home/hjenkins33/ros2_ws/src/package1/install/package1/share/package1/hook/ament_prefix_path.sh'
[0.207s] [34mcolcon.colcon_core.shell[0m [1;30mINFO[0m Skip shell extension 'powershell' for command environment: Not usable outside of PowerShell
[0.207s] [34mcolcon.colcon_core.shell[0m [1;30mDEBUG[0m [32mSkip shell extension 'dsv' for command environment[0m
[0.212s] [34mcolcon.colcon_ros.task.ament_python.build[0m [1;30mWARNING[0m [33mPackage 'package1' doesn't explicitly install a marker in the package index (colcon-ros currently does it implicitly but that fallback will be removed in the future)[0m
[0.212s] [34mcolcon.colcon_ros.task.ament_python.build[0m [1;30mWARNING[0m [33mPackage 'package1' doesn't explicitly install the 'package.xml' file (colcon-ros currently does it implicitly but that fallback will be removed in the future)[0m
[0.212s] [34mcolcon.colcon_core.task.python.build[0m [1;30mINFO[0m Building Python package in '/home/hjenkins33/ros2_ws/src/package1'
[0.212s] [34mcolcon.colcon_core.shell[0m [1;30mINFO[0m Skip shell extension 'powershell' for command environment: Not usable outside of PowerShell
[0.212s] [34mcolcon.colcon_core.shell[0m [1;30mDEBUG[0m [32mSkip shell extension 'dsv' for command environment[0m
[0.328s] [34mcolcon.colcon_parallel_executor.executor.parallel[0m [1;30mDEBUG[0m [32mclosing loop[0m
[0.328s] [34mcolcon.colcon_parallel_executor.executor.parallel[0m [1;30mDEBUG[0m [32mloop closed[0m
[0.328s] [34mcolcon.colcon_parallel_executor.executor.parallel[0m [1;30mDEBUG[0m [32mrun_until_complete finished with 'Expected ['/home/hjenkins33/miniconda3/envs/ros_env/bin/python3.12', '-W', 'ignore:setup.py install is deprecated', '-W', 'ignore:easy_install command is deprecated', 'setup.py', '--help-commands'] to pass: Traceback (most recent call last):
  File "/home/hjenkins33/ros2_ws/src/package1/setup.py", line 1, in <module>
    from setuptools import find_packages, setup
  File "/home/hjenkins33/miniconda3/envs/ros_env/lib/python3.12/site-packages/setuptools/__init__.py", line 16, in <module>
    import setuptools.version
  File "/home/hjenkins33/miniconda3/envs/ros_env/lib/python3.12/site-packages/setuptools/version.py", line 1, in <module>
    import pkg_resources
  File "/home/hjenkins33/miniconda3/envs/ros_env/lib/python3.12/site-packages/pkg_resources/__init__.py", line 2191, in <module>
    register_finder(pkgutil.ImpImporter, find_on_path)
                    ^^^^^^^^^^^^^^^^^^^
AttributeError: module 'pkgutil' has no attribute 'ImpImporter'. Did you mean: 'zipimporter'?
'[0m
[0.328s] [34mcolcon.colcon_core.event_reactor[0m [1;30mDEBUG[0m [32mjoining thread[0m
[0.329s] [34mcolcon.colcon_core.event_reactor[0m [1;30mDEBUG[0m [32mjoined thread[0m
[0.329s] [34mcolcon.colcon_core.shell[0m [1;30mINFO[0m Creating prefix script '/home/hjenkins33/ros2_ws/src/package1/install/local_setup.ps1'
[0.329s] [34mcolcon.colcon_core.shell[0m [1;30mINFO[0m Creating prefix util module '/home/hjenkins33/ros2_ws/src/package1/install/_local_setup_util_ps1.py'
[0.330s] [34mcolcon.colcon_core.shell[0m [1;30mINFO[0m Creating prefix chain script '/home/hjenkins33/ros2_ws/src/package1/install/setup.ps1'
[0.331s] [34mcolcon.colcon_core.shell[0m [1;30mINFO[0m Creating prefix script '/home/hjenkins33/ros2_ws/src/package1/install/local_setup.sh'
[0.331s] [34mcolcon.colcon_core.shell[0m [1;30mINFO[0m Creating prefix util module '/home/hjenkins33/ros2_ws/src/package1/install/_local_setup_util_sh.py'
[0.332s] [34mcolcon.colcon_core.shell[0m [1;30mINFO[0m Creating prefix chain script '/home/hjenkins33/ros2_ws/src/package1/install/setup.sh'
[0.332s] [34mcolcon.colcon_core.shell[0m [1;30mINFO[0m Creating prefix script '/home/hjenkins33/ros2_ws/src/package1/install/local_setup.bash'
[0.333s] [34mcolcon.colcon_core.shell[0m [1;30mINFO[0m Creating prefix chain script '/home/hjenkins33/ros2_ws/src/package1/install/setup.bash'
[0.333s] [34mcolcon.colcon_core.shell[0m [1;30mINFO[0m Creating prefix script '/home/hjenkins33/ros2_ws/src/package1/install/local_setup.zsh'
[0.334s] [34mcolcon.colcon_core.shell[0m [1;30mINFO[0m Creating prefix chain script '/home/hjenkins33/ros2_ws/src/package1/install/setup.zsh'
