[0.668s] Invoking command in '/root/ros2_ws/src/package1': PYTHONPATH=/root/ros2_ws/build/package1/prefix_override:/usr/lib/python3/dist-packages/colcon_core/task/python/colcon_distutils_commands:/root/ros2_ws/install/package1/lib/python3.10/site-packages:${PYTHONPATH} /usr/bin/python3 -W ignore:setup.py install is deprecated -W ignore:easy_install command is deprecated setup.py egg_info --egg-base ../../build/package1 build --build-base /root/ros2_ws/build/package1/build install --record /root/ros2_ws/build/package1/install.log --install-scripts $base/lib/package1 --single-version-externally-managed install_data
[0.870s] running egg_info
[0.870s] writing ../../build/package1/package1.egg-info/PKG-INFO
[0.871s] writing dependency_links to ../../build/package1/package1.egg-info/dependency_links.txt
[0.871s] writing entry points to ../../build/package1/package1.egg-info/entry_points.txt
[0.871s] writing requirements to ../../build/package1/package1.egg-info/requires.txt
[0.871s] writing top-level names to ../../build/package1/package1.egg-info/top_level.txt
[0.872s] reading manifest file '../../build/package1/package1.egg-info/SOURCES.txt'
[0.873s] writing manifest file '../../build/package1/package1.egg-info/SOURCES.txt'
[0.873s] running build
[0.873s] running build_py
[0.873s] running install
[0.873s] running install_lib
[0.874s] running install_data
[0.875s] running install_egg_info
[0.876s] removing '/root/ros2_ws/install/package1/lib/python3.10/site-packages/package1-0.0.0-py3.10.egg-info' (and everything under it)
[0.876s] Copying ../../build/package1/package1.egg-info to /root/ros2_ws/install/package1/lib/python3.10/site-packages/package1-0.0.0-py3.10.egg-info
[0.878s] running install_scripts
[0.894s] Installing test_node script to /root/ros2_ws/install/package1/lib/package1
[0.895s] writing list of installed files to '/root/ros2_ws/build/package1/install.log'
[0.913s] Invoked command in '/root/ros2_ws/src/package1' returned '0': PYTHONPATH=/root/ros2_ws/build/package1/prefix_override:/usr/lib/python3/dist-packages/colcon_core/task/python/colcon_distutils_commands:/root/ros2_ws/install/package1/lib/python3.10/site-packages:${PYTHONPATH} /usr/bin/python3 -W ignore:setup.py install is deprecated -W ignore:easy_install command is deprecated setup.py egg_info --egg-base ../../build/package1 build --build-base /root/ros2_ws/build/package1/build install --record /root/ros2_ws/build/package1/install.log --install-scripts $base/lib/package1 --single-version-externally-managed install_data
