[0.028s] Invoking command in '/root/ros2_ws/build/ur10e_interfaces': CMAKE_PREFIX_PATH=${CMAKE_PREFIX_PATH}:/root/ros2_ws/install/ur10e_trajectory_pkg:/root/ros2_ws/install/package1:/opt/ros/humble /usr/bin/cmake --build /root/ros2_ws/build/ur10e_interfaces -- -j8 -l8
[0.263s] [  9%] Built target ur10e_interfaces__cpp
[0.263s] [  9%] Built target ur10e_interfaces__rs
[0.263s] [ 15%] Built target ur10e_interfaces__rosidl_generator_c
[0.263s] [ 15%] Built target ament_cmake_python_copy_ur10e_interfaces
[0.263s] [ 53%] Built target ur10e_interfaces__rosidl_typesupport_c
[0.263s] [ 53%] Built target ur10e_interfaces__rosidl_typesupport_introspection_cpp
[0.263s] [ 53%] Built target ur10e_interfaces__rosidl_typesupport_cpp
[0.263s] [ 53%] Built target ur10e_interfaces__rosidl_typesupport_introspection_c
[0.264s] [ 62%] Built target ur10e_interfaces__rosidl_typesupport_fastrtps_cpp
[0.264s] [ 71%] Built target ur10e_interfaces__rosidl_typesupport_fastrtps_c
[0.264s] [ 71%] Built target ur10e_interfaces
[0.265s] [ 75%] Built target ur10e_interfaces__py
[0.265s] [ 81%] Built target ur10e_interfaces__rosidl_generator_py
[0.266s] [100%] Built target ur10e_interfaces__rosidl_typesupport_c__pyext
[0.266s] [100%] Built target ur10e_interfaces__rosidl_typesupport_introspection_c__pyext
[0.266s] [100%] Built target ur10e_interfaces__rosidl_typesupport_fastrtps_c__pyext
[0.309s] running egg_info
[0.309s] writing ur10e_interfaces.egg-info/PKG-INFO
[0.309s] writing dependency_links to ur10e_interfaces.egg-info/dependency_links.txt
[0.310s] writing top-level names to ur10e_interfaces.egg-info/top_level.txt
[0.313s] reading manifest file 'ur10e_interfaces.egg-info/SOURCES.txt'
[0.314s] writing manifest file 'ur10e_interfaces.egg-info/SOURCES.txt'
[0.352s] [100%] Built target ament_cmake_python_build_ur10e_interfaces_egg
[0.355s] Invoked command in '/root/ros2_ws/build/ur10e_interfaces' returned '0': CMAKE_PREFIX_PATH=${CMAKE_PREFIX_PATH}:/root/ros2_ws/install/ur10e_trajectory_pkg:/root/ros2_ws/install/package1:/opt/ros/humble /usr/bin/cmake --build /root/ros2_ws/build/ur10e_interfaces -- -j8 -l8
[0.356s] Invoking command in '/root/ros2_ws/build/ur10e_interfaces': CMAKE_PREFIX_PATH=${CMAKE_PREFIX_PATH}:/root/ros2_ws/install/ur10e_trajectory_pkg:/root/ros2_ws/install/package1:/opt/ros/humble /usr/bin/cmake --install /root/ros2_ws/build/ur10e_interfaces
[0.363s] -- Install configuration: ""
[0.363s] -- Up-to-date: /root/ros2_ws/install/ur10e_interfaces/share/ament_index/resource_index/rosidl_interfaces/ur10e_interfaces
[0.363s] -- Up-to-date: /root/ros2_ws/install/ur10e_interfaces/include/ur10e_interfaces/ur10e_interfaces
[0.363s] -- Up-to-date: /root/ros2_ws/install/ur10e_interfaces/include/ur10e_interfaces/ur10e_interfaces/srv
[0.363s] -- Up-to-date: /root/ros2_ws/install/ur10e_interfaces/include/ur10e_interfaces/ur10e_interfaces/srv/detail
[0.363s] -- Up-to-date: /root/ros2_ws/install/ur10e_interfaces/include/ur10e_interfaces/ur10e_interfaces/srv/detail/validate_trajectory__functions.c
[0.363s] -- Up-to-date: /root/ros2_ws/install/ur10e_interfaces/include/ur10e_interfaces/ur10e_interfaces/srv/detail/validate_trajectory__struct.h
[0.364s] -- Up-to-date: /root/ros2_ws/install/ur10e_interfaces/include/ur10e_interfaces/ur10e_interfaces/srv/detail/validate_trajectory__type_support.h
[0.364s] -- Up-to-date: /root/ros2_ws/install/ur10e_interfaces/include/ur10e_interfaces/ur10e_interfaces/srv/detail/validate_trajectory__functions.h
[0.364s] -- Up-to-date: /root/ros2_ws/install/ur10e_interfaces/include/ur10e_interfaces/ur10e_interfaces/srv/validate_trajectory.h
[0.364s] -- Up-to-date: /root/ros2_ws/install/ur10e_interfaces/include/ur10e_interfaces/ur10e_interfaces/msg
[0.364s] -- Up-to-date: /root/ros2_ws/install/ur10e_interfaces/include/ur10e_interfaces/ur10e_interfaces/msg/rosidl_generator_c__visibility_control.h
[0.364s] -- Up-to-date: /root/ros2_ws/install/ur10e_interfaces/share/ur10e_interfaces/environment/library_path.sh
[0.364s] -- Up-to-date: /root/ros2_ws/install/ur10e_interfaces/share/ur10e_interfaces/environment/library_path.dsv
[0.364s] -- Up-to-date: /root/ros2_ws/install/ur10e_interfaces/lib/libur10e_interfaces__rosidl_generator_c.so
[0.364s] -- Up-to-date: /root/ros2_ws/install/ur10e_interfaces/include/ur10e_interfaces/ur10e_interfaces
[0.364s] -- Up-to-date: /root/ros2_ws/install/ur10e_interfaces/include/ur10e_interfaces/ur10e_interfaces/msg
[0.365s] -- Up-to-date: /root/ros2_ws/install/ur10e_interfaces/include/ur10e_interfaces/ur10e_interfaces/msg/rosidl_typesupport_fastrtps_c__visibility_control.h
[0.365s] -- Up-to-date: /root/ros2_ws/install/ur10e_interfaces/include/ur10e_interfaces/ur10e_interfaces/srv
[0.365s] -- Up-to-date: /root/ros2_ws/install/ur10e_interfaces/include/ur10e_interfaces/ur10e_interfaces/srv/detail
[0.365s] -- Up-to-date: /root/ros2_ws/install/ur10e_interfaces/include/ur10e_interfaces/ur10e_interfaces/srv/detail/validate_trajectory__rosidl_typesupport_fastrtps_c.h
[0.365s] -- Up-to-date: /root/ros2_ws/install/ur10e_interfaces/lib/libur10e_interfaces__rosidl_typesupport_fastrtps_c.so
[0.365s] -- Up-to-date: /root/ros2_ws/install/ur10e_interfaces/include/ur10e_interfaces/ur10e_interfaces
[0.365s] -- Up-to-date: /root/ros2_ws/install/ur10e_interfaces/include/ur10e_interfaces/ur10e_interfaces/srv
[0.365s] -- Up-to-date: /root/ros2_ws/install/ur10e_interfaces/include/ur10e_interfaces/ur10e_interfaces/srv/detail
[0.365s] -- Up-to-date: /root/ros2_ws/install/ur10e_interfaces/include/ur10e_interfaces/ur10e_interfaces/srv/detail/validate_trajectory__rosidl_typesupport_introspection_c.h
[0.365s] -- Up-to-date: /root/ros2_ws/install/ur10e_interfaces/include/ur10e_interfaces/ur10e_interfaces/srv/detail/validate_trajectory__type_support.c
[0.366s] -- Up-to-date: /root/ros2_ws/install/ur10e_interfaces/include/ur10e_interfaces/ur10e_interfaces/msg
[0.366s] -- Up-to-date: /root/ros2_ws/install/ur10e_interfaces/include/ur10e_interfaces/ur10e_interfaces/msg/rosidl_typesupport_introspection_c__visibility_control.h
[0.366s] -- Up-to-date: /root/ros2_ws/install/ur10e_interfaces/lib/libur10e_interfaces__rosidl_typesupport_introspection_c.so
[0.366s] -- Up-to-date: /root/ros2_ws/install/ur10e_interfaces/lib/libur10e_interfaces__rosidl_typesupport_c.so
[0.366s] -- Up-to-date: /root/ros2_ws/install/ur10e_interfaces/include/ur10e_interfaces/ur10e_interfaces
[0.366s] -- Up-to-date: /root/ros2_ws/install/ur10e_interfaces/include/ur10e_interfaces/ur10e_interfaces/msg
[0.366s] -- Up-to-date: /root/ros2_ws/install/ur10e_interfaces/include/ur10e_interfaces/ur10e_interfaces/msg/rosidl_generator_cpp__visibility_control.hpp
[0.366s] -- Up-to-date: /root/ros2_ws/install/ur10e_interfaces/include/ur10e_interfaces/ur10e_interfaces/srv
[0.367s] -- Up-to-date: /root/ros2_ws/install/ur10e_interfaces/include/ur10e_interfaces/ur10e_interfaces/srv/detail
[0.367s] -- Up-to-date: /root/ros2_ws/install/ur10e_interfaces/include/ur10e_interfaces/ur10e_interfaces/srv/detail/validate_trajectory__struct.hpp
[0.367s] -- Up-to-date: /root/ros2_ws/install/ur10e_interfaces/include/ur10e_interfaces/ur10e_interfaces/srv/detail/validate_trajectory__traits.hpp
[0.367s] -- Up-to-date: /root/ros2_ws/install/ur10e_interfaces/include/ur10e_interfaces/ur10e_interfaces/srv/detail/validate_trajectory__builder.hpp
[0.367s] -- Up-to-date: /root/ros2_ws/install/ur10e_interfaces/include/ur10e_interfaces/ur10e_interfaces/srv/detail/validate_trajectory__type_support.hpp
[0.367s] -- Up-to-date: /root/ros2_ws/install/ur10e_interfaces/include/ur10e_interfaces/ur10e_interfaces/srv/validate_trajectory.hpp
[0.367s] -- Up-to-date: /root/ros2_ws/install/ur10e_interfaces/include/ur10e_interfaces/ur10e_interfaces
[0.367s] -- Up-to-date: /root/ros2_ws/install/ur10e_interfaces/include/ur10e_interfaces/ur10e_interfaces/msg
[0.367s] -- Up-to-date: /root/ros2_ws/install/ur10e_interfaces/include/ur10e_interfaces/ur10e_interfaces/msg/rosidl_typesupport_fastrtps_cpp__visibility_control.h
[0.367s] -- Up-to-date: /root/ros2_ws/install/ur10e_interfaces/include/ur10e_interfaces/ur10e_interfaces/srv
[0.367s] -- Up-to-date: /root/ros2_ws/install/ur10e_interfaces/include/ur10e_interfaces/ur10e_interfaces/srv/detail
[0.368s] -- Up-to-date: /root/ros2_ws/install/ur10e_interfaces/include/ur10e_interfaces/ur10e_interfaces/srv/detail/dds_fastrtps
[0.368s] -- Up-to-date: /root/ros2_ws/install/ur10e_interfaces/include/ur10e_interfaces/ur10e_interfaces/srv/detail/validate_trajectory__rosidl_typesupport_fastrtps_cpp.hpp
[0.368s] -- Up-to-date: /root/ros2_ws/install/ur10e_interfaces/lib/libur10e_interfaces__rosidl_typesupport_fastrtps_cpp.so
[0.368s] -- Up-to-date: /root/ros2_ws/install/ur10e_interfaces/include/ur10e_interfaces/ur10e_interfaces
[0.368s] -- Up-to-date: /root/ros2_ws/install/ur10e_interfaces/include/ur10e_interfaces/ur10e_interfaces/srv
[0.368s] -- Up-to-date: /root/ros2_ws/install/ur10e_interfaces/include/ur10e_interfaces/ur10e_interfaces/srv/detail
[0.368s] -- Up-to-date: /root/ros2_ws/install/ur10e_interfaces/include/ur10e_interfaces/ur10e_interfaces/srv/detail/validate_trajectory__rosidl_typesupport_introspection_cpp.hpp
[0.368s] -- Up-to-date: /root/ros2_ws/install/ur10e_interfaces/include/ur10e_interfaces/ur10e_interfaces/srv/detail/validate_trajectory__type_support.cpp
[0.368s] -- Up-to-date: /root/ros2_ws/install/ur10e_interfaces/lib/libur10e_interfaces__rosidl_typesupport_introspection_cpp.so
[0.369s] -- Up-to-date: /root/ros2_ws/install/ur10e_interfaces/lib/libur10e_interfaces__rosidl_typesupport_cpp.so
[0.369s] -- Up-to-date: /root/ros2_ws/install/ur10e_interfaces/share/ur10e_interfaces/environment/pythonpath.sh
[0.369s] -- Up-to-date: /root/ros2_ws/install/ur10e_interfaces/share/ur10e_interfaces/environment/pythonpath.dsv
[0.369s] -- Up-to-date: /root/ros2_ws/install/ur10e_interfaces/local/lib/python3.10/dist-packages/ur10e_interfaces-0.0.0-py3.10.egg-info
[0.369s] -- Installing: /root/ros2_ws/install/ur10e_interfaces/local/lib/python3.10/dist-packages/ur10e_interfaces-0.0.0-py3.10.egg-info/PKG-INFO
[0.369s] -- Installing: /root/ros2_ws/install/ur10e_interfaces/local/lib/python3.10/dist-packages/ur10e_interfaces-0.0.0-py3.10.egg-info/top_level.txt
[0.370s] -- Installing: /root/ros2_ws/install/ur10e_interfaces/local/lib/python3.10/dist-packages/ur10e_interfaces-0.0.0-py3.10.egg-info/dependency_links.txt
[0.370s] -- Installing: /root/ros2_ws/install/ur10e_interfaces/local/lib/python3.10/dist-packages/ur10e_interfaces-0.0.0-py3.10.egg-info/SOURCES.txt
[0.370s] -- Up-to-date: /root/ros2_ws/install/ur10e_interfaces/local/lib/python3.10/dist-packages/ur10e_interfaces
[0.370s] -- Up-to-date: /root/ros2_ws/install/ur10e_interfaces/local/lib/python3.10/dist-packages/ur10e_interfaces/ur10e_interfaces_s__rosidl_typesupport_fastrtps_c.cpython-310-x86_64-linux-gnu.so
[0.371s] -- Up-to-date: /root/ros2_ws/install/ur10e_interfaces/local/lib/python3.10/dist-packages/ur10e_interfaces/ur10e_interfaces_s__rosidl_typesupport_c.cpython-310-x86_64-linux-gnu.so
[0.371s] -- Up-to-date: /root/ros2_ws/install/ur10e_interfaces/local/lib/python3.10/dist-packages/ur10e_interfaces/__init__.py
[0.371s] -- Up-to-date: /root/ros2_ws/install/ur10e_interfaces/local/lib/python3.10/dist-packages/ur10e_interfaces/_ur10e_interfaces_s.ep.rosidl_typesupport_c.c
[0.371s] -- Up-to-date: /root/ros2_ws/install/ur10e_interfaces/local/lib/python3.10/dist-packages/ur10e_interfaces/_ur10e_interfaces_s.ep.rosidl_typesupport_introspection_c.c
[0.371s] -- Up-to-date: /root/ros2_ws/install/ur10e_interfaces/local/lib/python3.10/dist-packages/ur10e_interfaces/ur10e_interfaces_s__rosidl_typesupport_introspection_c.cpython-310-x86_64-linux-gnu.so
[0.371s] -- Up-to-date: /root/ros2_ws/install/ur10e_interfaces/local/lib/python3.10/dist-packages/ur10e_interfaces/_ur10e_interfaces_s.ep.rosidl_typesupport_fastrtps_c.c
[0.371s] -- Up-to-date: /root/ros2_ws/install/ur10e_interfaces/local/lib/python3.10/dist-packages/ur10e_interfaces/srv
[0.371s] -- Up-to-date: /root/ros2_ws/install/ur10e_interfaces/local/lib/python3.10/dist-packages/ur10e_interfaces/srv/_validate_trajectory.py
[0.371s] -- Up-to-date: /root/ros2_ws/install/ur10e_interfaces/local/lib/python3.10/dist-packages/ur10e_interfaces/srv/_validate_trajectory_s.c
[0.371s] -- Up-to-date: /root/ros2_ws/install/ur10e_interfaces/local/lib/python3.10/dist-packages/ur10e_interfaces/srv/__init__.py
[0.371s] -- Up-to-date: /root/ros2_ws/install/ur10e_interfaces/local/lib/python3.10/dist-packages/ur10e_interfaces/libur10e_interfaces__rosidl_generator_py.so
[0.398s] Listing '/root/ros2_ws/install/ur10e_interfaces/local/lib/python3.10/dist-packages/ur10e_interfaces'...
[0.398s] Listing '/root/ros2_ws/install/ur10e_interfaces/local/lib/python3.10/dist-packages/ur10e_interfaces/srv'...
[0.402s] -- Up-to-date: /root/ros2_ws/install/ur10e_interfaces/local/lib/python3.10/dist-packages/ur10e_interfaces/ur10e_interfaces_s__rosidl_typesupport_fastrtps_c.cpython-310-x86_64-linux-gnu.so
[0.404s] -- Up-to-date: /root/ros2_ws/install/ur10e_interfaces/local/lib/python3.10/dist-packages/ur10e_interfaces/ur10e_interfaces_s__rosidl_typesupport_introspection_c.cpython-310-x86_64-linux-gnu.so
[0.404s] -- Up-to-date: /root/ros2_ws/install/ur10e_interfaces/local/lib/python3.10/dist-packages/ur10e_interfaces/ur10e_interfaces_s__rosidl_typesupport_c.cpython-310-x86_64-linux-gnu.so
[0.404s] -- Up-to-date: /root/ros2_ws/install/ur10e_interfaces/lib/libur10e_interfaces__rosidl_generator_py.so
[0.404s] -- Up-to-date: /root/ros2_ws/install/ur10e_interfaces/share/ament_index/resource_index/rust_packages/ur10e_interfaces
[0.404s] -- Up-to-date: /root/ros2_ws/install/ur10e_interfaces/share/ur10e_interfaces/rust
[0.404s] -- Up-to-date: /root/ros2_ws/install/ur10e_interfaces/share/ur10e_interfaces/rust/build.rs
[0.404s] -- Up-to-date: /root/ros2_ws/install/ur10e_interfaces/share/ur10e_interfaces/rust/Cargo.toml
[0.405s] -- Up-to-date: /root/ros2_ws/install/ur10e_interfaces/share/ur10e_interfaces/rust/src
[0.405s] -- Up-to-date: /root/ros2_ws/install/ur10e_interfaces/share/ur10e_interfaces/rust/src/srv
[0.405s] -- Up-to-date: /root/ros2_ws/install/ur10e_interfaces/share/ur10e_interfaces/rust/src/srv/rmw.rs
[0.405s] -- Up-to-date: /root/ros2_ws/install/ur10e_interfaces/share/ur10e_interfaces/rust/src/lib.rs
[0.405s] -- Up-to-date: /root/ros2_ws/install/ur10e_interfaces/share/ur10e_interfaces/rust/src/srv.rs
[0.405s] -- Up-to-date: /root/ros2_ws/install/ur10e_interfaces/share/ur10e_interfaces/srv/ValidateTrajectory.idl
[0.405s] -- Up-to-date: /root/ros2_ws/install/ur10e_interfaces/share/ur10e_interfaces/srv/ValidateTrajectory.srv
[0.405s] -- Up-to-date: /root/ros2_ws/install/ur10e_interfaces/share/ur10e_interfaces/srv/ValidateTrajectory_Request.msg
[0.405s] -- Up-to-date: /root/ros2_ws/install/ur10e_interfaces/share/ur10e_interfaces/srv/ValidateTrajectory_Response.msg
[0.405s] -- Up-to-date: /root/ros2_ws/install/ur10e_interfaces/share/ament_index/resource_index/package_run_dependencies/ur10e_interfaces
[0.406s] -- Up-to-date: /root/ros2_ws/install/ur10e_interfaces/share/ament_index/resource_index/parent_prefix_path/ur10e_interfaces
[0.406s] -- Up-to-date: /root/ros2_ws/install/ur10e_interfaces/share/ur10e_interfaces/environment/ament_prefix_path.sh
[0.406s] -- Up-to-date: /root/ros2_ws/install/ur10e_interfaces/share/ur10e_interfaces/environment/ament_prefix_path.dsv
[0.406s] -- Up-to-date: /root/ros2_ws/install/ur10e_interfaces/share/ur10e_interfaces/environment/path.sh
[0.406s] -- Up-to-date: /root/ros2_ws/install/ur10e_interfaces/share/ur10e_interfaces/environment/path.dsv
[0.406s] -- Up-to-date: /root/ros2_ws/install/ur10e_interfaces/share/ur10e_interfaces/local_setup.bash
[0.406s] -- Up-to-date: /root/ros2_ws/install/ur10e_interfaces/share/ur10e_interfaces/local_setup.sh
[0.406s] -- Up-to-date: /root/ros2_ws/install/ur10e_interfaces/share/ur10e_interfaces/local_setup.zsh
[0.406s] -- Up-to-date: /root/ros2_ws/install/ur10e_interfaces/share/ur10e_interfaces/local_setup.dsv
[0.406s] -- Installing: /root/ros2_ws/install/ur10e_interfaces/share/ur10e_interfaces/package.dsv
[0.406s] -- Up-to-date: /root/ros2_ws/install/ur10e_interfaces/share/ament_index/resource_index/packages/ur10e_interfaces
[0.407s] -- Up-to-date: /root/ros2_ws/install/ur10e_interfaces/share/ur10e_interfaces/cmake/export_ur10e_interfaces__rosidl_generator_cExport.cmake
[0.407s] -- Up-to-date: /root/ros2_ws/install/ur10e_interfaces/share/ur10e_interfaces/cmake/export_ur10e_interfaces__rosidl_generator_cExport-noconfig.cmake
[0.407s] -- Up-to-date: /root/ros2_ws/install/ur10e_interfaces/share/ur10e_interfaces/cmake/export_ur10e_interfaces__rosidl_typesupport_fastrtps_cExport.cmake
[0.407s] -- Up-to-date: /root/ros2_ws/install/ur10e_interfaces/share/ur10e_interfaces/cmake/export_ur10e_interfaces__rosidl_typesupport_fastrtps_cExport-noconfig.cmake
[0.407s] -- Up-to-date: /root/ros2_ws/install/ur10e_interfaces/share/ur10e_interfaces/cmake/ur10e_interfaces__rosidl_typesupport_introspection_cExport.cmake
[0.407s] -- Up-to-date: /root/ros2_ws/install/ur10e_interfaces/share/ur10e_interfaces/cmake/ur10e_interfaces__rosidl_typesupport_introspection_cExport-noconfig.cmake
[0.407s] -- Up-to-date: /root/ros2_ws/install/ur10e_interfaces/share/ur10e_interfaces/cmake/ur10e_interfaces__rosidl_typesupport_cExport.cmake
[0.407s] -- Up-to-date: /root/ros2_ws/install/ur10e_interfaces/share/ur10e_interfaces/cmake/ur10e_interfaces__rosidl_typesupport_cExport-noconfig.cmake
[0.407s] -- Up-to-date: /root/ros2_ws/install/ur10e_interfaces/share/ur10e_interfaces/cmake/export_ur10e_interfaces__rosidl_generator_cppExport.cmake
[0.408s] -- Up-to-date: /root/ros2_ws/install/ur10e_interfaces/share/ur10e_interfaces/cmake/export_ur10e_interfaces__rosidl_typesupport_fastrtps_cppExport.cmake
[0.408s] -- Up-to-date: /root/ros2_ws/install/ur10e_interfaces/share/ur10e_interfaces/cmake/export_ur10e_interfaces__rosidl_typesupport_fastrtps_cppExport-noconfig.cmake
[0.408s] -- Up-to-date: /root/ros2_ws/install/ur10e_interfaces/share/ur10e_interfaces/cmake/ur10e_interfaces__rosidl_typesupport_introspection_cppExport.cmake
[0.408s] -- Up-to-date: /root/ros2_ws/install/ur10e_interfaces/share/ur10e_interfaces/cmake/ur10e_interfaces__rosidl_typesupport_introspection_cppExport-noconfig.cmake
[0.408s] -- Up-to-date: /root/ros2_ws/install/ur10e_interfaces/share/ur10e_interfaces/cmake/ur10e_interfaces__rosidl_typesupport_cppExport.cmake
[0.408s] -- Up-to-date: /root/ros2_ws/install/ur10e_interfaces/share/ur10e_interfaces/cmake/ur10e_interfaces__rosidl_typesupport_cppExport-noconfig.cmake
[0.408s] -- Up-to-date: /root/ros2_ws/install/ur10e_interfaces/share/ur10e_interfaces/cmake/export_ur10e_interfaces__rosidl_generator_pyExport.cmake
[0.408s] -- Up-to-date: /root/ros2_ws/install/ur10e_interfaces/share/ur10e_interfaces/cmake/export_ur10e_interfaces__rosidl_generator_pyExport-noconfig.cmake
[0.408s] -- Up-to-date: /root/ros2_ws/install/ur10e_interfaces/share/ur10e_interfaces/cmake/rosidl_cmake-extras.cmake
[0.409s] -- Up-to-date: /root/ros2_ws/install/ur10e_interfaces/share/ur10e_interfaces/cmake/ament_cmake_export_include_directories-extras.cmake
[0.409s] -- Up-to-date: /root/ros2_ws/install/ur10e_interfaces/share/ur10e_interfaces/cmake/ament_cmake_export_libraries-extras.cmake
[0.409s] -- Up-to-date: /root/ros2_ws/install/ur10e_interfaces/share/ur10e_interfaces/cmake/ament_cmake_export_targets-extras.cmake
[0.409s] -- Up-to-date: /root/ros2_ws/install/ur10e_interfaces/share/ur10e_interfaces/cmake/rosidl_cmake_export_typesupport_targets-extras.cmake
[0.409s] -- Up-to-date: /root/ros2_ws/install/ur10e_interfaces/share/ur10e_interfaces/cmake/ament_cmake_export_dependencies-extras.cmake
[0.409s] -- Up-to-date: /root/ros2_ws/install/ur10e_interfaces/share/ur10e_interfaces/cmake/rosidl_cmake_export_typesupport_libraries-extras.cmake
[0.409s] -- Up-to-date: /root/ros2_ws/install/ur10e_interfaces/share/ur10e_interfaces/cmake/rosidl_cmake_aggregate_target-extras.cmake
[0.409s] -- Up-to-date: /root/ros2_ws/install/ur10e_interfaces/share/ur10e_interfaces/cmake/ur10e_interfacesConfig.cmake
[0.409s] -- Up-to-date: /root/ros2_ws/install/ur10e_interfaces/share/ur10e_interfaces/cmake/ur10e_interfacesConfig-version.cmake
[0.410s] -- Up-to-date: /root/ros2_ws/install/ur10e_interfaces/share/ur10e_interfaces/package.xml
[0.410s] Invoked command in '/root/ros2_ws/build/ur10e_interfaces' returned '0': CMAKE_PREFIX_PATH=${CMAKE_PREFIX_PATH}:/root/ros2_ws/install/ur10e_trajectory_pkg:/root/ros2_ws/install/package1:/opt/ros/humble /usr/bin/cmake --install /root/ros2_ws/build/ur10e_interfaces
