[0.115s] DEBUG:colcon:Command line arguments: ['/usr/bin/colcon', 'build']
[0.115s] DEBUG:colcon:Parsed command line arguments: Namespace(log_base=None, log_level=None, verb_name='build', build_base='build', install_base='install', merge_install=False, symlink_install=False, test_result_base=None, continue_on_error=False, executor='parallel', parallel_workers=8, event_handlers=None, ignore_user_meta=False, metas=['./colcon.meta'], base_paths=['.'], packages_ignore=None, packages_ignore_regex=None, paths=None, packages_up_to=None, packages_up_to_regex=None, packages_above=None, packages_above_and_dependencies=None, packages_above_depth=None, packages_select_by_dep=None, packages_skip_by_dep=None, packages_skip_up_to=None, packages_select_build_failed=False, packages_skip_build_finished=False, packages_select_test_failures=False, packages_skip_test_passed=False, packages_select=None, packages_skip=None, packages_select_regex=None, packages_skip_regex=None, packages_start=None, packages_end=None, cmake_args=None, cmake_target=None, cmake_target_skip_unavailable=False, cmake_clean_cache=False, cmake_clean_first=False, cmake_force_configure=False, ament_cmake_args=None, catkin_cmake_args=None, catkin_skip_building_tests=False, mixin_files=None, mixin=None, verb_parser=<colcon_mixin.mixin.mixin_argument.MixinArgumentDecorator object at 0x7b49438a8ca0>, verb_extension=<colcon_core.verb.build.BuildVerb object at 0x7b49438a8610>, main=<bound method BuildVerb.main of <colcon_core.verb.build.BuildVerb object at 0x7b49438a8610>>, mixin_verb=('build',))
[0.255s] Level 1:colcon.colcon_core.package_discovery:discover_packages(colcon_meta) check parameters
[0.255s] INFO:colcon.colcon_metadata.package_discovery.colcon_meta:Using configuration from '/root/.colcon/metadata/default/Gazebo.meta'
[0.256s] INFO:colcon.colcon_metadata.package_discovery.colcon_meta:Using configuration from '/root/.colcon/metadata/default/fastdds.meta'
[0.256s] INFO:colcon.colcon_metadata.package_discovery.colcon_meta:Using configuration from '/root/.colcon/metadata/default/fastrtps.meta'
[0.256s] Level 1:colcon.colcon_core.package_discovery:discover_packages(recursive) check parameters
[0.256s] Level 1:colcon.colcon_core.package_discovery:discover_packages(ignore) check parameters
[0.256s] Level 1:colcon.colcon_core.package_discovery:discover_packages(path) check parameters
[0.256s] Level 1:colcon.colcon_core.package_discovery:discover_packages(colcon_meta) discover
[0.256s] Level 1:colcon.colcon_core.package_discovery:discover_packages(recursive) discover
[0.256s] INFO:colcon.colcon_core.package_discovery:Crawling recursively for packages in '/root/ros2_ws'
[0.256s] Level 1:colcon.colcon_core.package_identification:_identify(.) by extensions ['ignore', 'ignore_ament_install']
[0.257s] Level 1:colcon.colcon_core.package_identification:_identify(.) by extension 'ignore'
[0.257s] Level 1:colcon.colcon_core.package_identification:_identify(.) by extension 'ignore_ament_install'
[0.257s] Level 1:colcon.colcon_core.package_identification:_identify(.) by extensions ['colcon_pkg']
[0.257s] Level 1:colcon.colcon_core.package_identification:_identify(.) by extension 'colcon_pkg'
[0.257s] Level 1:colcon.colcon_core.package_identification:_identify(.) by extensions ['colcon_meta']
[0.257s] Level 1:colcon.colcon_core.package_identification:_identify(.) by extension 'colcon_meta'
[0.257s] Level 1:colcon.colcon_core.package_identification:_identify(.) by extensions ['ros']
[0.257s] Level 1:colcon.colcon_core.package_identification:_identify(.) by extension 'ros'
[0.270s] Level 1:colcon.colcon_core.package_identification:_identify(.) by extensions ['cmake', 'python']
[0.270s] Level 1:colcon.colcon_core.package_identification:_identify(.) by extension 'cmake'
[0.270s] Level 1:colcon.colcon_core.package_identification:_identify(.) by extension 'python'
[0.270s] Level 1:colcon.colcon_core.package_identification:_identify(.) by extensions ['python_setup_py']
[0.270s] Level 1:colcon.colcon_core.package_identification:_identify(.) by extension 'python_setup_py'
[0.270s] Level 1:colcon.colcon_core.package_identification:_identify(__pycache__) by extensions ['ignore', 'ignore_ament_install']
[0.271s] Level 1:colcon.colcon_core.package_identification:_identify(__pycache__) by extension 'ignore'
[0.271s] Level 1:colcon.colcon_core.package_identification:_identify(__pycache__) by extension 'ignore_ament_install'
[0.271s] Level 1:colcon.colcon_core.package_identification:_identify(__pycache__) by extensions ['colcon_pkg']
[0.271s] Level 1:colcon.colcon_core.package_identification:_identify(__pycache__) by extension 'colcon_pkg'
[0.271s] Level 1:colcon.colcon_core.package_identification:_identify(__pycache__) by extensions ['colcon_meta']
[0.271s] Level 1:colcon.colcon_core.package_identification:_identify(__pycache__) by extension 'colcon_meta'
[0.271s] Level 1:colcon.colcon_core.package_identification:_identify(__pycache__) by extensions ['ros']
[0.271s] Level 1:colcon.colcon_core.package_identification:_identify(__pycache__) by extension 'ros'
[0.271s] Level 1:colcon.colcon_core.package_identification:_identify(__pycache__) by extensions ['cmake', 'python']
[0.271s] Level 1:colcon.colcon_core.package_identification:_identify(__pycache__) by extension 'cmake'
[0.271s] Level 1:colcon.colcon_core.package_identification:_identify(__pycache__) by extension 'python'
[0.271s] Level 1:colcon.colcon_core.package_identification:_identify(__pycache__) by extensions ['python_setup_py']
[0.271s] Level 1:colcon.colcon_core.package_identification:_identify(__pycache__) by extension 'python_setup_py'
[0.271s] Level 1:colcon.colcon_core.package_identification:_identify(build) by extensions ['ignore', 'ignore_ament_install']
[0.271s] Level 1:colcon.colcon_core.package_identification:_identify(build) by extension 'ignore'
[0.271s] Level 1:colcon.colcon_core.package_identification:_identify(build) ignored
[0.272s] Level 1:colcon.colcon_core.package_identification:_identify(install) by extensions ['ignore', 'ignore_ament_install']
[0.272s] Level 1:colcon.colcon_core.package_identification:_identify(install) by extension 'ignore'
[0.272s] Level 1:colcon.colcon_core.package_identification:_identify(install) ignored
[0.272s] Level 1:colcon.colcon_core.package_identification:_identify(log) by extensions ['ignore', 'ignore_ament_install']
[0.272s] Level 1:colcon.colcon_core.package_identification:_identify(log) by extension 'ignore'
[0.272s] Level 1:colcon.colcon_core.package_identification:_identify(log) ignored
[0.272s] Level 1:colcon.colcon_core.package_identification:_identify(src) by extensions ['ignore', 'ignore_ament_install']
[0.272s] Level 1:colcon.colcon_core.package_identification:_identify(src) by extension 'ignore'
[0.272s] Level 1:colcon.colcon_core.package_identification:_identify(src) by extension 'ignore_ament_install'
[0.272s] Level 1:colcon.colcon_core.package_identification:_identify(src) by extensions ['colcon_pkg']
[0.272s] Level 1:colcon.colcon_core.package_identification:_identify(src) by extension 'colcon_pkg'
[0.272s] Level 1:colcon.colcon_core.package_identification:_identify(src) by extensions ['colcon_meta']
[0.272s] Level 1:colcon.colcon_core.package_identification:_identify(src) by extension 'colcon_meta'
[0.272s] Level 1:colcon.colcon_core.package_identification:_identify(src) by extensions ['ros']
[0.272s] Level 1:colcon.colcon_core.package_identification:_identify(src) by extension 'ros'
[0.272s] Level 1:colcon.colcon_core.package_identification:_identify(src) by extensions ['cmake', 'python']
[0.273s] Level 1:colcon.colcon_core.package_identification:_identify(src) by extension 'cmake'
[0.273s] Level 1:colcon.colcon_core.package_identification:_identify(src) by extension 'python'
[0.273s] Level 1:colcon.colcon_core.package_identification:_identify(src) by extensions ['python_setup_py']
[0.273s] Level 1:colcon.colcon_core.package_identification:_identify(src) by extension 'python_setup_py'
[0.273s] Level 1:colcon.colcon_core.package_identification:_identify(src/Universal_Robots_ROS2_Description) by extensions ['ignore', 'ignore_ament_install']
[0.273s] Level 1:colcon.colcon_core.package_identification:_identify(src/Universal_Robots_ROS2_Description) by extension 'ignore'
[0.273s] Level 1:colcon.colcon_core.package_identification:_identify(src/Universal_Robots_ROS2_Description) by extension 'ignore_ament_install'
[0.273s] Level 1:colcon.colcon_core.package_identification:_identify(src/Universal_Robots_ROS2_Description) by extensions ['colcon_pkg']
[0.273s] Level 1:colcon.colcon_core.package_identification:_identify(src/Universal_Robots_ROS2_Description) by extension 'colcon_pkg'
[0.273s] Level 1:colcon.colcon_core.package_identification:_identify(src/Universal_Robots_ROS2_Description) by extensions ['colcon_meta']
[0.273s] Level 1:colcon.colcon_core.package_identification:_identify(src/Universal_Robots_ROS2_Description) by extension 'colcon_meta'
[0.273s] Level 1:colcon.colcon_core.package_identification:_identify(src/Universal_Robots_ROS2_Description) by extensions ['ros']
[0.273s] Level 1:colcon.colcon_core.package_identification:_identify(src/Universal_Robots_ROS2_Description) by extension 'ros'
[0.276s] DEBUG:colcon.colcon_core.package_identification:Package 'src/Universal_Robots_ROS2_Description' with type 'ros.ament_cmake' and name 'ur_description'
[0.276s] Level 1:colcon.colcon_core.package_identification:_identify(src/package1) by extensions ['ignore', 'ignore_ament_install']
[0.276s] Level 1:colcon.colcon_core.package_identification:_identify(src/package1) by extension 'ignore'
[0.276s] Level 1:colcon.colcon_core.package_identification:_identify(src/package1) by extension 'ignore_ament_install'
[0.276s] Level 1:colcon.colcon_core.package_identification:_identify(src/package1) by extensions ['colcon_pkg']
[0.276s] Level 1:colcon.colcon_core.package_identification:_identify(src/package1) by extension 'colcon_pkg'
[0.276s] Level 1:colcon.colcon_core.package_identification:_identify(src/package1) by extensions ['colcon_meta']
[0.276s] Level 1:colcon.colcon_core.package_identification:_identify(src/package1) by extension 'colcon_meta'
[0.277s] Level 1:colcon.colcon_core.package_identification:_identify(src/package1) by extensions ['ros']
[0.277s] Level 1:colcon.colcon_core.package_identification:_identify(src/package1) by extension 'ros'
[0.278s] DEBUG:colcon.colcon_core.package_identification:Package 'src/package1' with type 'ros.ament_python' and name 'package1'
[0.278s] Level 1:colcon.colcon_core.package_identification:_identify(src/ur10e_interfaces) by extensions ['ignore', 'ignore_ament_install']
[0.278s] Level 1:colcon.colcon_core.package_identification:_identify(src/ur10e_interfaces) by extension 'ignore'
[0.278s] Level 1:colcon.colcon_core.package_identification:_identify(src/ur10e_interfaces) by extension 'ignore_ament_install'
[0.278s] Level 1:colcon.colcon_core.package_identification:_identify(src/ur10e_interfaces) by extensions ['colcon_pkg']
[0.278s] Level 1:colcon.colcon_core.package_identification:_identify(src/ur10e_interfaces) by extension 'colcon_pkg'
[0.278s] Level 1:colcon.colcon_core.package_identification:_identify(src/ur10e_interfaces) by extensions ['colcon_meta']
[0.278s] Level 1:colcon.colcon_core.package_identification:_identify(src/ur10e_interfaces) by extension 'colcon_meta'
[0.278s] Level 1:colcon.colcon_core.package_identification:_identify(src/ur10e_interfaces) by extensions ['ros']
[0.278s] Level 1:colcon.colcon_core.package_identification:_identify(src/ur10e_interfaces) by extension 'ros'
[0.279s] DEBUG:colcon.colcon_core.package_identification:Package 'src/ur10e_interfaces' with type 'ros.ament_cmake' and name 'ur10e_interfaces'
[0.279s] Level 1:colcon.colcon_core.package_identification:_identify(src/ur10e_trajectory_pkg) by extensions ['ignore', 'ignore_ament_install']
[0.279s] Level 1:colcon.colcon_core.package_identification:_identify(src/ur10e_trajectory_pkg) by extension 'ignore'
[0.279s] Level 1:colcon.colcon_core.package_identification:_identify(src/ur10e_trajectory_pkg) by extension 'ignore_ament_install'
[0.279s] Level 1:colcon.colcon_core.package_identification:_identify(src/ur10e_trajectory_pkg) by extensions ['colcon_pkg']
[0.279s] Level 1:colcon.colcon_core.package_identification:_identify(src/ur10e_trajectory_pkg) by extension 'colcon_pkg'
[0.280s] Level 1:colcon.colcon_core.package_identification:_identify(src/ur10e_trajectory_pkg) by extensions ['colcon_meta']
[0.280s] Level 1:colcon.colcon_core.package_identification:_identify(src/ur10e_trajectory_pkg) by extension 'colcon_meta'
[0.280s] Level 1:colcon.colcon_core.package_identification:_identify(src/ur10e_trajectory_pkg) by extensions ['ros']
[0.280s] Level 1:colcon.colcon_core.package_identification:_identify(src/ur10e_trajectory_pkg) by extension 'ros'
[0.281s] DEBUG:colcon.colcon_core.package_identification:Package 'src/ur10e_trajectory_pkg' with type 'ros.ament_python' and name 'ur10e_trajectory_pkg'
[0.281s] Level 1:colcon.colcon_core.package_discovery:discover_packages(recursive) using defaults
[0.281s] Level 1:colcon.colcon_core.package_discovery:discover_packages(ignore) discover
[0.281s] Level 1:colcon.colcon_core.package_discovery:discover_packages(ignore) using defaults
[0.281s] Level 1:colcon.colcon_core.package_discovery:discover_packages(path) discover
[0.281s] Level 1:colcon.colcon_core.package_discovery:discover_packages(path) using defaults
[0.301s] Level 5:colcon.colcon_core.verb:set package 'package1' build argument 'cmake_args' from command line to 'None'
[0.301s] Level 5:colcon.colcon_core.verb:set package 'package1' build argument 'cmake_target' from command line to 'None'
[0.301s] Level 5:colcon.colcon_core.verb:set package 'package1' build argument 'cmake_target_skip_unavailable' from command line to 'False'
[0.301s] Level 5:colcon.colcon_core.verb:set package 'package1' build argument 'cmake_clean_cache' from command line to 'False'
[0.301s] Level 5:colcon.colcon_core.verb:set package 'package1' build argument 'cmake_clean_first' from command line to 'False'
[0.301s] Level 5:colcon.colcon_core.verb:set package 'package1' build argument 'cmake_force_configure' from command line to 'False'
[0.301s] Level 5:colcon.colcon_core.verb:set package 'package1' build argument 'ament_cmake_args' from command line to 'None'
[0.301s] Level 5:colcon.colcon_core.verb:set package 'package1' build argument 'catkin_cmake_args' from command line to 'None'
[0.301s] Level 5:colcon.colcon_core.verb:set package 'package1' build argument 'catkin_skip_building_tests' from command line to 'False'
[0.301s] DEBUG:colcon.colcon_core.verb:Building package 'package1' with the following arguments: {'ament_cmake_args': None, 'build_base': '/root/ros2_ws/build/package1', 'catkin_cmake_args': None, 'catkin_skip_building_tests': False, 'cmake_args': None, 'cmake_clean_cache': False, 'cmake_clean_first': False, 'cmake_force_configure': False, 'cmake_target': None, 'cmake_target_skip_unavailable': False, 'install_base': '/root/ros2_ws/install/package1', 'merge_install': False, 'path': '/root/ros2_ws/src/package1', 'symlink_install': False, 'test_result_base': None}
[0.301s] Level 5:colcon.colcon_core.verb:set package 'ur10e_interfaces' build argument 'cmake_args' from command line to 'None'
[0.301s] Level 5:colcon.colcon_core.verb:set package 'ur10e_interfaces' build argument 'cmake_target' from command line to 'None'
[0.301s] Level 5:colcon.colcon_core.verb:set package 'ur10e_interfaces' build argument 'cmake_target_skip_unavailable' from command line to 'False'
[0.301s] Level 5:colcon.colcon_core.verb:set package 'ur10e_interfaces' build argument 'cmake_clean_cache' from command line to 'False'
[0.301s] Level 5:colcon.colcon_core.verb:set package 'ur10e_interfaces' build argument 'cmake_clean_first' from command line to 'False'
[0.301s] Level 5:colcon.colcon_core.verb:set package 'ur10e_interfaces' build argument 'cmake_force_configure' from command line to 'False'
[0.301s] Level 5:colcon.colcon_core.verb:set package 'ur10e_interfaces' build argument 'ament_cmake_args' from command line to 'None'
[0.301s] Level 5:colcon.colcon_core.verb:set package 'ur10e_interfaces' build argument 'catkin_cmake_args' from command line to 'None'
[0.301s] Level 5:colcon.colcon_core.verb:set package 'ur10e_interfaces' build argument 'catkin_skip_building_tests' from command line to 'False'
[0.302s] DEBUG:colcon.colcon_core.verb:Building package 'ur10e_interfaces' with the following arguments: {'ament_cmake_args': None, 'build_base': '/root/ros2_ws/build/ur10e_interfaces', 'catkin_cmake_args': None, 'catkin_skip_building_tests': False, 'cmake_args': None, 'cmake_clean_cache': False, 'cmake_clean_first': False, 'cmake_force_configure': False, 'cmake_target': None, 'cmake_target_skip_unavailable': False, 'install_base': '/root/ros2_ws/install/ur10e_interfaces', 'merge_install': False, 'path': '/root/ros2_ws/src/ur10e_interfaces', 'symlink_install': False, 'test_result_base': None}
[0.302s] Level 5:colcon.colcon_core.verb:set package 'ur_description' build argument 'cmake_args' from command line to 'None'
[0.302s] Level 5:colcon.colcon_core.verb:set package 'ur_description' build argument 'cmake_target' from command line to 'None'
[0.302s] Level 5:colcon.colcon_core.verb:set package 'ur_description' build argument 'cmake_target_skip_unavailable' from command line to 'False'
[0.302s] Level 5:colcon.colcon_core.verb:set package 'ur_description' build argument 'cmake_clean_cache' from command line to 'False'
[0.302s] Level 5:colcon.colcon_core.verb:set package 'ur_description' build argument 'cmake_clean_first' from command line to 'False'
[0.302s] Level 5:colcon.colcon_core.verb:set package 'ur_description' build argument 'cmake_force_configure' from command line to 'False'
[0.302s] Level 5:colcon.colcon_core.verb:set package 'ur_description' build argument 'ament_cmake_args' from command line to 'None'
[0.302s] Level 5:colcon.colcon_core.verb:set package 'ur_description' build argument 'catkin_cmake_args' from command line to 'None'
[0.302s] Level 5:colcon.colcon_core.verb:set package 'ur_description' build argument 'catkin_skip_building_tests' from command line to 'False'
[0.302s] DEBUG:colcon.colcon_core.verb:Building package 'ur_description' with the following arguments: {'ament_cmake_args': None, 'build_base': '/root/ros2_ws/build/ur_description', 'catkin_cmake_args': None, 'catkin_skip_building_tests': False, 'cmake_args': None, 'cmake_clean_cache': False, 'cmake_clean_first': False, 'cmake_force_configure': False, 'cmake_target': None, 'cmake_target_skip_unavailable': False, 'install_base': '/root/ros2_ws/install/ur_description', 'merge_install': False, 'path': '/root/ros2_ws/src/Universal_Robots_ROS2_Description', 'symlink_install': False, 'test_result_base': None}
[0.302s] Level 5:colcon.colcon_core.verb:set package 'ur10e_trajectory_pkg' build argument 'cmake_args' from command line to 'None'
[0.302s] Level 5:colcon.colcon_core.verb:set package 'ur10e_trajectory_pkg' build argument 'cmake_target' from command line to 'None'
[0.302s] Level 5:colcon.colcon_core.verb:set package 'ur10e_trajectory_pkg' build argument 'cmake_target_skip_unavailable' from command line to 'False'
[0.302s] Level 5:colcon.colcon_core.verb:set package 'ur10e_trajectory_pkg' build argument 'cmake_clean_cache' from command line to 'False'
[0.302s] Level 5:colcon.colcon_core.verb:set package 'ur10e_trajectory_pkg' build argument 'cmake_clean_first' from command line to 'False'
[0.303s] Level 5:colcon.colcon_core.verb:set package 'ur10e_trajectory_pkg' build argument 'cmake_force_configure' from command line to 'False'
[0.303s] Level 5:colcon.colcon_core.verb:set package 'ur10e_trajectory_pkg' build argument 'ament_cmake_args' from command line to 'None'
[0.303s] Level 5:colcon.colcon_core.verb:set package 'ur10e_trajectory_pkg' build argument 'catkin_cmake_args' from command line to 'None'
[0.303s] Level 5:colcon.colcon_core.verb:set package 'ur10e_trajectory_pkg' build argument 'catkin_skip_building_tests' from command line to 'False'
[0.303s] DEBUG:colcon.colcon_core.verb:Building package 'ur10e_trajectory_pkg' with the following arguments: {'ament_cmake_args': None, 'build_base': '/root/ros2_ws/build/ur10e_trajectory_pkg', 'catkin_cmake_args': None, 'catkin_skip_building_tests': False, 'cmake_args': None, 'cmake_clean_cache': False, 'cmake_clean_first': False, 'cmake_force_configure': False, 'cmake_target': None, 'cmake_target_skip_unavailable': False, 'install_base': '/root/ros2_ws/install/ur10e_trajectory_pkg', 'merge_install': False, 'path': '/root/ros2_ws/src/ur10e_trajectory_pkg', 'symlink_install': False, 'test_result_base': None}
[0.303s] INFO:colcon.colcon_core.executor:Executing jobs using 'parallel' executor
[0.303s] DEBUG:colcon.colcon_parallel_executor.executor.parallel:run_until_complete
[0.304s] INFO:colcon.colcon_ros.task.ament_cmake.build:Building ROS package in '/root/ros2_ws/src/ur10e_interfaces' with build type 'ament_cmake'
[0.304s] INFO:colcon.colcon_cmake.task.cmake.build:Building CMake package in '/root/ros2_ws/src/ur10e_interfaces'
[0.306s] INFO:colcon.colcon_core.plugin_system:Skipping extension 'colcon_core.shell.bat': Not used on non-Windows systems
[0.306s] INFO:colcon.colcon_core.shell:Skip shell extension 'powershell' for command environment: Not usable outside of PowerShell
[0.306s] DEBUG:colcon.colcon_core.shell:Skip shell extension 'dsv' for command environment
[0.308s] WARNING:colcon.colcon_ros.prefix_path.ament:The path '/root/ros2_ws/install/ur_description' in the environment variable AMENT_PREFIX_PATH doesn't exist
[0.308s] WARNING:colcon.colcon_ros.prefix_path.ament:The path '/root/ros2_ws/install/ur10e_trajectory_pkg' in the environment variable AMENT_PREFIX_PATH doesn't exist
[0.308s] WARNING:colcon.colcon_ros.prefix_path.ament:The path '/root/ros2_ws/install/ur10e_interfaces' in the environment variable AMENT_PREFIX_PATH doesn't exist
[0.308s] WARNING:colcon.colcon_ros.prefix_path.ament:The path '/root/ros2_ws/install/package1' in the environment variable AMENT_PREFIX_PATH doesn't exist
[0.308s] WARNING:colcon.colcon_ros.prefix_path.catkin:The path '/root/ros2_ws/install/ur_description' in the environment variable CMAKE_PREFIX_PATH doesn't exist
[0.308s] WARNING:colcon.colcon_ros.prefix_path.catkin:The path '/root/ros2_ws/install/ur10e_interfaces' in the environment variable CMAKE_PREFIX_PATH doesn't exist
[0.311s] INFO:colcon.colcon_ros.task.ament_python.build:Building ROS package in '/root/ros2_ws/src/package1' with build type 'ament_python'
[0.312s] Level 1:colcon.colcon_core.shell:create_environment_hook('package1', 'ament_prefix_path')
[0.312s] INFO:colcon.colcon_core.shell:Creating environment hook '/root/ros2_ws/install/package1/share/package1/hook/ament_prefix_path.ps1'
[0.313s] INFO:colcon.colcon_core.shell:Creating environment descriptor '/root/ros2_ws/install/package1/share/package1/hook/ament_prefix_path.dsv'
[0.313s] INFO:colcon.colcon_core.shell:Creating environment hook '/root/ros2_ws/install/package1/share/package1/hook/ament_prefix_path.sh'
[0.314s] INFO:colcon.colcon_core.shell:Skip shell extension 'powershell' for command environment: Not usable outside of PowerShell
[0.314s] DEBUG:colcon.colcon_core.shell:Skip shell extension 'dsv' for command environment
[0.317s] INFO:colcon.colcon_ros.task.ament_cmake.build:Building ROS package in '/root/ros2_ws/src/Universal_Robots_ROS2_Description' with build type 'ament_cmake'
[0.317s] INFO:colcon.colcon_cmake.task.cmake.build:Building CMake package in '/root/ros2_ws/src/Universal_Robots_ROS2_Description'
[0.317s] INFO:colcon.colcon_core.shell:Skip shell extension 'powershell' for command environment: Not usable outside of PowerShell
[0.317s] DEBUG:colcon.colcon_core.shell:Skip shell extension 'dsv' for command environment
[0.330s] DEBUG:colcon.colcon_core.event_handler.log_command:Invoking command in '/root/ros2_ws/build/ur10e_interfaces': CMAKE_PREFIX_PATH=${CMAKE_PREFIX_PATH}:/root/ros2_ws/install/ur10e_trajectory_pkg:/root/ros2_ws/install/package1:/opt/ros/humble /usr/bin/cmake /root/ros2_ws/src/ur10e_interfaces -DCMAKE_INSTALL_PREFIX=/root/ros2_ws/install/ur10e_interfaces
[0.549s] INFO:colcon.colcon_core.task.python.build:Building Python package in '/root/ros2_ws/src/package1'
[0.549s] INFO:colcon.colcon_core.shell:Skip shell extension 'powershell' for command environment: Not usable outside of PowerShell
[0.549s] DEBUG:colcon.colcon_core.shell:Skip shell extension 'dsv' for command environment
[0.557s] DEBUG:colcon.colcon_core.event_handler.log_command:Invoking command in '/root/ros2_ws/build/ur_description': CMAKE_PREFIX_PATH=${CMAKE_PREFIX_PATH}:/root/ros2_ws/install/ur10e_trajectory_pkg:/root/ros2_ws/install/package1:/opt/ros/humble /usr/bin/cmake /root/ros2_ws/src/Universal_Robots_ROS2_Description -DCMAKE_INSTALL_PREFIX=/root/ros2_ws/install/ur_description
[0.858s] DEBUG:colcon.colcon_core.task.python.build:Available setuptools commands: bdist_rpm, bdist_wheel, bdist_dumb, rotate, sdist, easy_install, bdist, develop, build, check, alias, install_lib, register, install_headers, dist_info, build_py, symlink_data, test, setopt, install_scripts, upload_docs, build_scripts, build_clib, bdist_egg, build_ext, install_data, egg_info, clean, upload, install_egg_info, install, saveopts
[0.861s] DEBUG:colcon.colcon_core.event_handler.log_command:Invoking command in '/root/ros2_ws/src/package1': PYTHONPATH=/root/ros2_ws/build/package1/prefix_override:/usr/lib/python3/dist-packages/colcon_core/task/python/colcon_distutils_commands:/root/ros2_ws/install/package1/lib/python3.10/site-packages:${PYTHONPATH} /usr/bin/python3 -W ignore:setup.py install is deprecated -W ignore:easy_install command is deprecated setup.py egg_info --egg-base ../../build/package1 build --build-base /root/ros2_ws/build/package1/build install --record /root/ros2_ws/build/package1/install.log --install-scripts $base/lib/package1 --single-version-externally-managed install_data
[1.116s] DEBUG:colcon.colcon_core.event_handler.log_command:Invoked command in '/root/ros2_ws/src/package1' returned '0': PYTHONPATH=/root/ros2_ws/build/package1/prefix_override:/usr/lib/python3/dist-packages/colcon_core/task/python/colcon_distutils_commands:/root/ros2_ws/install/package1/lib/python3.10/site-packages:${PYTHONPATH} /usr/bin/python3 -W ignore:setup.py install is deprecated -W ignore:easy_install command is deprecated setup.py egg_info --egg-base ../../build/package1 build --build-base /root/ros2_ws/build/package1/build install --record /root/ros2_ws/build/package1/install.log --install-scripts $base/lib/package1 --single-version-externally-managed install_data
[1.118s] Level 1:colcon.colcon_core.environment:checking '/root/ros2_ws/install/package1' for CMake module files
[1.118s] Level 1:colcon.colcon_core.environment:checking '/root/ros2_ws/install/package1' for CMake config files
[1.119s] Level 1:colcon.colcon_core.environment:checking '/root/ros2_ws/install/package1/lib'
[1.119s] Level 1:colcon.colcon_core.environment:checking '/root/ros2_ws/install/package1/bin'
[1.119s] Level 1:colcon.colcon_core.environment:checking '/root/ros2_ws/install/package1/lib/pkgconfig/package1.pc'
[1.119s] Level 1:colcon.colcon_core.environment:checking '/root/ros2_ws/install/package1/lib/python3.10/site-packages'
[1.119s] Level 1:colcon.colcon_core.shell:create_environment_hook('package1', 'pythonpath')
[1.120s] INFO:colcon.colcon_core.shell:Creating environment hook '/root/ros2_ws/install/package1/share/package1/hook/pythonpath.ps1'
[1.120s] INFO:colcon.colcon_core.shell:Creating environment descriptor '/root/ros2_ws/install/package1/share/package1/hook/pythonpath.dsv'
[1.120s] INFO:colcon.colcon_core.shell:Creating environment hook '/root/ros2_ws/install/package1/share/package1/hook/pythonpath.sh'
[1.121s] Level 1:colcon.colcon_core.environment:checking '/root/ros2_ws/install/package1/bin'
[1.121s] Level 1:colcon.colcon_core.environment:create_environment_scripts_only(package1)
[1.121s] INFO:colcon.colcon_core.shell:Creating package script '/root/ros2_ws/install/package1/share/package1/package.ps1'
[1.122s] INFO:colcon.colcon_core.shell:Creating package descriptor '/root/ros2_ws/install/package1/share/package1/package.dsv'
[1.123s] INFO:colcon.colcon_core.shell:Creating package script '/root/ros2_ws/install/package1/share/package1/package.sh'
[1.123s] INFO:colcon.colcon_core.shell:Creating package script '/root/ros2_ws/install/package1/share/package1/package.bash'
[1.124s] INFO:colcon.colcon_core.shell:Creating package script '/root/ros2_ws/install/package1/share/package1/package.zsh'
[1.125s] Level 1:colcon.colcon_core.environment:create_file_with_runtime_dependencies(/root/ros2_ws/install/package1/share/colcon-core/packages/package1)
[1.609s] DEBUG:colcon.colcon_core.event_handler.log_command:Invoked command in '/root/ros2_ws/build/ur_description' returned '0': CMAKE_PREFIX_PATH=${CMAKE_PREFIX_PATH}:/root/ros2_ws/install/ur10e_trajectory_pkg:/root/ros2_ws/install/package1:/opt/ros/humble /usr/bin/cmake /root/ros2_ws/src/Universal_Robots_ROS2_Description -DCMAKE_INSTALL_PREFIX=/root/ros2_ws/install/ur_description
[1.611s] DEBUG:colcon.colcon_core.event_handler.log_command:Invoking command in '/root/ros2_ws/build/ur_description': CMAKE_PREFIX_PATH=${CMAKE_PREFIX_PATH}:/root/ros2_ws/install/ur10e_trajectory_pkg:/root/ros2_ws/install/package1:/opt/ros/humble /usr/bin/cmake --build /root/ros2_ws/build/ur_description -- -j8 -l8
[1.641s] DEBUG:colcon.colcon_core.event_handler.log_command:Invoked command in '/root/ros2_ws/build/ur_description' returned '0': CMAKE_PREFIX_PATH=${CMAKE_PREFIX_PATH}:/root/ros2_ws/install/ur10e_trajectory_pkg:/root/ros2_ws/install/package1:/opt/ros/humble /usr/bin/cmake --build /root/ros2_ws/build/ur_description -- -j8 -l8
[1.650s] DEBUG:colcon.colcon_core.event_handler.log_command:Invoking command in '/root/ros2_ws/build/ur_description': CMAKE_PREFIX_PATH=${CMAKE_PREFIX_PATH}:/root/ros2_ws/install/ur10e_trajectory_pkg:/root/ros2_ws/install/package1:/opt/ros/humble /usr/bin/cmake --install /root/ros2_ws/build/ur_description
[1.804s] DEBUG:colcon.colcon_core.event_handler.log_command:Invoked command in '/root/ros2_ws/build/ur10e_interfaces' returned '0': CMAKE_PREFIX_PATH=${CMAKE_PREFIX_PATH}:/root/ros2_ws/install/ur10e_trajectory_pkg:/root/ros2_ws/install/package1:/opt/ros/humble /usr/bin/cmake /root/ros2_ws/src/ur10e_interfaces -DCMAKE_INSTALL_PREFIX=/root/ros2_ws/install/ur10e_interfaces
[1.805s] DEBUG:colcon.colcon_core.event_handler.log_command:Invoking command in '/root/ros2_ws/build/ur10e_interfaces': CMAKE_PREFIX_PATH=${CMAKE_PREFIX_PATH}:/root/ros2_ws/install/ur10e_trajectory_pkg:/root/ros2_ws/install/package1:/opt/ros/humble /usr/bin/cmake --build /root/ros2_ws/build/ur10e_interfaces -- -j8 -l8
[2.091s] Level 1:colcon.colcon_core.environment:create_environment_scripts_only(ur_description)
[2.091s] Level 1:colcon.colcon_core.environment:checking '/root/ros2_ws/install/ur_description' for CMake module files
[2.091s] DEBUG:colcon.colcon_core.event_handler.log_command:Invoked command in '/root/ros2_ws/build/ur_description' returned '0': CMAKE_PREFIX_PATH=${CMAKE_PREFIX_PATH}:/root/ros2_ws/install/ur10e_trajectory_pkg:/root/ros2_ws/install/package1:/opt/ros/humble /usr/bin/cmake --install /root/ros2_ws/build/ur_description
[2.092s] Level 1:colcon.colcon_core.environment:checking '/root/ros2_ws/install/ur_description' for CMake config files
[2.092s] Level 1:colcon.colcon_core.shell:create_environment_hook('ur_description', 'cmake_prefix_path')
[2.093s] INFO:colcon.colcon_core.shell:Creating environment hook '/root/ros2_ws/install/ur_description/share/ur_description/hook/cmake_prefix_path.ps1'
[2.093s] INFO:colcon.colcon_core.shell:Creating environment descriptor '/root/ros2_ws/install/ur_description/share/ur_description/hook/cmake_prefix_path.dsv'
[2.093s] INFO:colcon.colcon_core.shell:Creating environment hook '/root/ros2_ws/install/ur_description/share/ur_description/hook/cmake_prefix_path.sh'
[2.094s] Level 1:colcon.colcon_core.environment:checking '/root/ros2_ws/install/ur_description/bin'
[2.094s] Level 1:colcon.colcon_core.environment:checking '/root/ros2_ws/install/ur_description/lib/pkgconfig/ur_description.pc'
[2.094s] Level 1:colcon.colcon_core.environment:checking '/root/ros2_ws/install/ur_description/lib/python3.10/site-packages'
[2.094s] Level 1:colcon.colcon_core.environment:checking '/root/ros2_ws/install/ur_description/bin'
[2.095s] INFO:colcon.colcon_core.shell:Creating package script '/root/ros2_ws/install/ur_description/share/ur_description/package.ps1'
[2.095s] INFO:colcon.colcon_core.shell:Creating package descriptor '/root/ros2_ws/install/ur_description/share/ur_description/package.dsv'
[2.096s] INFO:colcon.colcon_core.shell:Creating package script '/root/ros2_ws/install/ur_description/share/ur_description/package.sh'
[2.096s] INFO:colcon.colcon_core.shell:Creating package script '/root/ros2_ws/install/ur_description/share/ur_description/package.bash'
[2.096s] INFO:colcon.colcon_core.shell:Creating package script '/root/ros2_ws/install/ur_description/share/ur_description/package.zsh'
[2.097s] Level 1:colcon.colcon_core.environment:create_file_with_runtime_dependencies(/root/ros2_ws/install/ur_description/share/colcon-core/packages/ur_description)
[2.097s] Level 1:colcon.colcon_core.environment:create_environment_scripts_only(ur_description)
[2.097s] Level 1:colcon.colcon_core.environment:checking '/root/ros2_ws/install/ur_description' for CMake module files
[2.098s] Level 1:colcon.colcon_core.environment:checking '/root/ros2_ws/install/ur_description' for CMake config files
[2.099s] Level 1:colcon.colcon_core.shell:create_environment_hook('ur_description', 'cmake_prefix_path')
[2.099s] INFO:colcon.colcon_core.shell:Creating environment hook '/root/ros2_ws/install/ur_description/share/ur_description/hook/cmake_prefix_path.ps1'
[2.099s] INFO:colcon.colcon_core.shell:Creating environment descriptor '/root/ros2_ws/install/ur_description/share/ur_description/hook/cmake_prefix_path.dsv'
[2.100s] INFO:colcon.colcon_core.shell:Creating environment hook '/root/ros2_ws/install/ur_description/share/ur_description/hook/cmake_prefix_path.sh'
[2.100s] Level 1:colcon.colcon_core.environment:checking '/root/ros2_ws/install/ur_description/bin'
[2.100s] Level 1:colcon.colcon_core.environment:checking '/root/ros2_ws/install/ur_description/lib/pkgconfig/ur_description.pc'
[2.101s] Level 1:colcon.colcon_core.environment:checking '/root/ros2_ws/install/ur_description/lib/python3.10/site-packages'
[2.101s] Level 1:colcon.colcon_core.environment:checking '/root/ros2_ws/install/ur_description/bin'
[2.101s] INFO:colcon.colcon_core.shell:Creating package script '/root/ros2_ws/install/ur_description/share/ur_description/package.ps1'
[2.102s] INFO:colcon.colcon_core.shell:Creating package descriptor '/root/ros2_ws/install/ur_description/share/ur_description/package.dsv'
[2.102s] INFO:colcon.colcon_core.shell:Creating package script '/root/ros2_ws/install/ur_description/share/ur_description/package.sh'
[2.103s] INFO:colcon.colcon_core.shell:Creating package script '/root/ros2_ws/install/ur_description/share/ur_description/package.bash'
[2.103s] INFO:colcon.colcon_core.shell:Creating package script '/root/ros2_ws/install/ur_description/share/ur_description/package.zsh'
[2.103s] Level 1:colcon.colcon_core.environment:create_file_with_runtime_dependencies(/root/ros2_ws/install/ur_description/share/colcon-core/packages/ur_description)
[3.580s] DEBUG:colcon.colcon_core.event_handler.log_command:Invoked command in '/root/ros2_ws/build/ur10e_interfaces' returned '0': CMAKE_PREFIX_PATH=${CMAKE_PREFIX_PATH}:/root/ros2_ws/install/ur10e_trajectory_pkg:/root/ros2_ws/install/package1:/opt/ros/humble /usr/bin/cmake --build /root/ros2_ws/build/ur10e_interfaces -- -j8 -l8
[3.581s] DEBUG:colcon.colcon_core.event_handler.log_command:Invoking command in '/root/ros2_ws/build/ur10e_interfaces': CMAKE_PREFIX_PATH=${CMAKE_PREFIX_PATH}:/root/ros2_ws/install/ur10e_trajectory_pkg:/root/ros2_ws/install/package1:/opt/ros/humble /usr/bin/cmake --install /root/ros2_ws/build/ur10e_interfaces
[3.657s] Level 1:colcon.colcon_core.environment:create_environment_scripts_only(ur10e_interfaces)
[3.658s] Level 1:colcon.colcon_core.environment:checking '/root/ros2_ws/install/ur10e_interfaces' for CMake module files
[3.658s] DEBUG:colcon.colcon_core.event_handler.log_command:Invoked command in '/root/ros2_ws/build/ur10e_interfaces' returned '0': CMAKE_PREFIX_PATH=${CMAKE_PREFIX_PATH}:/root/ros2_ws/install/ur10e_trajectory_pkg:/root/ros2_ws/install/package1:/opt/ros/humble /usr/bin/cmake --install /root/ros2_ws/build/ur10e_interfaces
[3.658s] Level 1:colcon.colcon_core.environment:checking '/root/ros2_ws/install/ur10e_interfaces' for CMake config files
[3.659s] Level 1:colcon.colcon_core.shell:create_environment_hook('ur10e_interfaces', 'cmake_prefix_path')
[3.659s] INFO:colcon.colcon_core.shell:Creating environment hook '/root/ros2_ws/install/ur10e_interfaces/share/ur10e_interfaces/hook/cmake_prefix_path.ps1'
[3.660s] INFO:colcon.colcon_core.shell:Creating environment descriptor '/root/ros2_ws/install/ur10e_interfaces/share/ur10e_interfaces/hook/cmake_prefix_path.dsv'
[3.660s] INFO:colcon.colcon_core.shell:Creating environment hook '/root/ros2_ws/install/ur10e_interfaces/share/ur10e_interfaces/hook/cmake_prefix_path.sh'
[3.660s] Level 1:colcon.colcon_core.environment:checking '/root/ros2_ws/install/ur10e_interfaces/lib'
[3.660s] Level 1:colcon.colcon_core.shell:create_environment_hook('ur10e_interfaces', 'ld_library_path_lib')
[3.661s] INFO:colcon.colcon_core.shell:Creating environment hook '/root/ros2_ws/install/ur10e_interfaces/share/ur10e_interfaces/hook/ld_library_path_lib.ps1'
[3.661s] INFO:colcon.colcon_core.shell:Creating environment descriptor '/root/ros2_ws/install/ur10e_interfaces/share/ur10e_interfaces/hook/ld_library_path_lib.dsv'
[3.661s] INFO:colcon.colcon_core.shell:Creating environment hook '/root/ros2_ws/install/ur10e_interfaces/share/ur10e_interfaces/hook/ld_library_path_lib.sh'
[3.662s] Level 1:colcon.colcon_core.environment:checking '/root/ros2_ws/install/ur10e_interfaces/bin'
[3.662s] Level 1:colcon.colcon_core.environment:checking '/root/ros2_ws/install/ur10e_interfaces/lib/pkgconfig/ur10e_interfaces.pc'
[3.662s] Level 1:colcon.colcon_core.environment:checking '/root/ros2_ws/install/ur10e_interfaces/lib/python3.10/site-packages'
[3.662s] Level 1:colcon.colcon_core.environment:checking '/root/ros2_ws/install/ur10e_interfaces/bin'
[3.662s] INFO:colcon.colcon_core.shell:Creating package script '/root/ros2_ws/install/ur10e_interfaces/share/ur10e_interfaces/package.ps1'
[3.663s] INFO:colcon.colcon_core.shell:Creating package descriptor '/root/ros2_ws/install/ur10e_interfaces/share/ur10e_interfaces/package.dsv'
[3.663s] INFO:colcon.colcon_core.shell:Creating package script '/root/ros2_ws/install/ur10e_interfaces/share/ur10e_interfaces/package.sh'
[3.664s] INFO:colcon.colcon_core.shell:Creating package script '/root/ros2_ws/install/ur10e_interfaces/share/ur10e_interfaces/package.bash'
[3.664s] INFO:colcon.colcon_core.shell:Creating package script '/root/ros2_ws/install/ur10e_interfaces/share/ur10e_interfaces/package.zsh'
[3.664s] Level 1:colcon.colcon_core.environment:create_file_with_runtime_dependencies(/root/ros2_ws/install/ur10e_interfaces/share/colcon-core/packages/ur10e_interfaces)
[3.665s] Level 1:colcon.colcon_core.environment:create_environment_scripts_only(ur10e_interfaces)
[3.665s] Level 1:colcon.colcon_core.environment:checking '/root/ros2_ws/install/ur10e_interfaces' for CMake module files
[3.665s] Level 1:colcon.colcon_core.environment:checking '/root/ros2_ws/install/ur10e_interfaces' for CMake config files
[3.666s] Level 1:colcon.colcon_core.shell:create_environment_hook('ur10e_interfaces', 'cmake_prefix_path')
[3.666s] INFO:colcon.colcon_core.shell:Creating environment hook '/root/ros2_ws/install/ur10e_interfaces/share/ur10e_interfaces/hook/cmake_prefix_path.ps1'
[3.666s] INFO:colcon.colcon_core.shell:Creating environment descriptor '/root/ros2_ws/install/ur10e_interfaces/share/ur10e_interfaces/hook/cmake_prefix_path.dsv'
[3.667s] INFO:colcon.colcon_core.shell:Creating environment hook '/root/ros2_ws/install/ur10e_interfaces/share/ur10e_interfaces/hook/cmake_prefix_path.sh'
[3.667s] Level 1:colcon.colcon_core.environment:checking '/root/ros2_ws/install/ur10e_interfaces/lib'
[3.667s] Level 1:colcon.colcon_core.shell:create_environment_hook('ur10e_interfaces', 'ld_library_path_lib')
[3.667s] INFO:colcon.colcon_core.shell:Creating environment hook '/root/ros2_ws/install/ur10e_interfaces/share/ur10e_interfaces/hook/ld_library_path_lib.ps1'
[3.668s] INFO:colcon.colcon_core.shell:Creating environment descriptor '/root/ros2_ws/install/ur10e_interfaces/share/ur10e_interfaces/hook/ld_library_path_lib.dsv'
[3.668s] INFO:colcon.colcon_core.shell:Creating environment hook '/root/ros2_ws/install/ur10e_interfaces/share/ur10e_interfaces/hook/ld_library_path_lib.sh'
[3.668s] Level 1:colcon.colcon_core.environment:checking '/root/ros2_ws/install/ur10e_interfaces/bin'
[3.668s] Level 1:colcon.colcon_core.environment:checking '/root/ros2_ws/install/ur10e_interfaces/lib/pkgconfig/ur10e_interfaces.pc'
[3.669s] Level 1:colcon.colcon_core.environment:checking '/root/ros2_ws/install/ur10e_interfaces/lib/python3.10/site-packages'
[3.669s] Level 1:colcon.colcon_core.environment:checking '/root/ros2_ws/install/ur10e_interfaces/bin'
[3.669s] INFO:colcon.colcon_core.shell:Creating package script '/root/ros2_ws/install/ur10e_interfaces/share/ur10e_interfaces/package.ps1'
[3.670s] INFO:colcon.colcon_core.shell:Creating package descriptor '/root/ros2_ws/install/ur10e_interfaces/share/ur10e_interfaces/package.dsv'
[3.670s] INFO:colcon.colcon_core.shell:Creating package script '/root/ros2_ws/install/ur10e_interfaces/share/ur10e_interfaces/package.sh'
[3.670s] INFO:colcon.colcon_core.shell:Creating package script '/root/ros2_ws/install/ur10e_interfaces/share/ur10e_interfaces/package.bash'
[3.671s] INFO:colcon.colcon_core.shell:Creating package script '/root/ros2_ws/install/ur10e_interfaces/share/ur10e_interfaces/package.zsh'
[3.671s] Level 1:colcon.colcon_core.environment:create_file_with_runtime_dependencies(/root/ros2_ws/install/ur10e_interfaces/share/colcon-core/packages/ur10e_interfaces)
[3.671s] INFO:colcon.colcon_ros.task.ament_python.build:Building ROS package in '/root/ros2_ws/src/ur10e_trajectory_pkg' with build type 'ament_python'
[3.672s] Level 1:colcon.colcon_core.shell:create_environment_hook('ur10e_trajectory_pkg', 'ament_prefix_path')
[3.672s] INFO:colcon.colcon_core.shell:Creating environment hook '/root/ros2_ws/install/ur10e_trajectory_pkg/share/ur10e_trajectory_pkg/hook/ament_prefix_path.ps1'
[3.672s] INFO:colcon.colcon_core.shell:Creating environment descriptor '/root/ros2_ws/install/ur10e_trajectory_pkg/share/ur10e_trajectory_pkg/hook/ament_prefix_path.dsv'
[3.673s] INFO:colcon.colcon_core.shell:Creating environment hook '/root/ros2_ws/install/ur10e_trajectory_pkg/share/ur10e_trajectory_pkg/hook/ament_prefix_path.sh'
[3.673s] INFO:colcon.colcon_core.shell:Skip shell extension 'powershell' for command environment: Not usable outside of PowerShell
[3.673s] DEBUG:colcon.colcon_core.shell:Skip shell extension 'dsv' for command environment
[3.890s] INFO:colcon.colcon_core.task.python.build:Building Python package in '/root/ros2_ws/src/ur10e_trajectory_pkg'
[3.891s] INFO:colcon.colcon_core.shell:Skip shell extension 'powershell' for command environment: Not usable outside of PowerShell
[3.891s] DEBUG:colcon.colcon_core.shell:Skip shell extension 'dsv' for command environment
[4.156s] DEBUG:colcon.colcon_core.task.python.build:Available setuptools commands: bdist_rpm, bdist_wheel, bdist_dumb, rotate, sdist, easy_install, bdist, develop, build, check, alias, install_lib, register, install_headers, dist_info, build_py, symlink_data, test, setopt, install_scripts, upload_docs, build_scripts, build_clib, bdist_egg, build_ext, install_data, egg_info, clean, upload, install_egg_info, install, saveopts
[4.158s] DEBUG:colcon.colcon_core.event_handler.log_command:Invoking command in '/root/ros2_ws/src/ur10e_trajectory_pkg': CMAKE_PREFIX_PATH=/root/ros2_ws/install/ur10e_interfaces:/root/ros2_ws/install/ur_description PYTHONPATH=/root/ros2_ws/build/ur10e_trajectory_pkg/prefix_override:/usr/lib/python3/dist-packages/colcon_core/task/python/colcon_distutils_commands:/root/ros2_ws/install/ur10e_trajectory_pkg/lib/python3.10/site-packages:${PYTHONPATH} /usr/bin/python3 -W ignore:setup.py install is deprecated -W ignore:easy_install command is deprecated setup.py egg_info --egg-base ../../build/ur10e_trajectory_pkg build --build-base /root/ros2_ws/build/ur10e_trajectory_pkg/build install --record /root/ros2_ws/build/ur10e_trajectory_pkg/install.log --install-scripts $base/lib/ur10e_trajectory_pkg --single-version-externally-managed install_data
[4.415s] Level 1:colcon.colcon_core.environment:checking '/root/ros2_ws/install/ur10e_trajectory_pkg' for CMake module files
[4.415s] DEBUG:colcon.colcon_core.event_handler.log_command:Invoked command in '/root/ros2_ws/src/ur10e_trajectory_pkg' returned '0': CMAKE_PREFIX_PATH=/root/ros2_ws/install/ur10e_interfaces:/root/ros2_ws/install/ur_description PYTHONPATH=/root/ros2_ws/build/ur10e_trajectory_pkg/prefix_override:/usr/lib/python3/dist-packages/colcon_core/task/python/colcon_distutils_commands:/root/ros2_ws/install/ur10e_trajectory_pkg/lib/python3.10/site-packages:${PYTHONPATH} /usr/bin/python3 -W ignore:setup.py install is deprecated -W ignore:easy_install command is deprecated setup.py egg_info --egg-base ../../build/ur10e_trajectory_pkg build --build-base /root/ros2_ws/build/ur10e_trajectory_pkg/build install --record /root/ros2_ws/build/ur10e_trajectory_pkg/install.log --install-scripts $base/lib/ur10e_trajectory_pkg --single-version-externally-managed install_data
[4.416s] Level 1:colcon.colcon_core.environment:checking '/root/ros2_ws/install/ur10e_trajectory_pkg' for CMake config files
[4.416s] Level 1:colcon.colcon_core.environment:checking '/root/ros2_ws/install/ur10e_trajectory_pkg/lib'
[4.416s] Level 1:colcon.colcon_core.environment:checking '/root/ros2_ws/install/ur10e_trajectory_pkg/bin'
[4.416s] Level 1:colcon.colcon_core.environment:checking '/root/ros2_ws/install/ur10e_trajectory_pkg/lib/pkgconfig/ur10e_trajectory_pkg.pc'
[4.417s] Level 1:colcon.colcon_core.environment:checking '/root/ros2_ws/install/ur10e_trajectory_pkg/lib/python3.10/site-packages'
[4.417s] Level 1:colcon.colcon_core.shell:create_environment_hook('ur10e_trajectory_pkg', 'pythonpath')
[4.417s] INFO:colcon.colcon_core.shell:Creating environment hook '/root/ros2_ws/install/ur10e_trajectory_pkg/share/ur10e_trajectory_pkg/hook/pythonpath.ps1'
[4.417s] INFO:colcon.colcon_core.shell:Creating environment descriptor '/root/ros2_ws/install/ur10e_trajectory_pkg/share/ur10e_trajectory_pkg/hook/pythonpath.dsv'
[4.417s] INFO:colcon.colcon_core.shell:Creating environment hook '/root/ros2_ws/install/ur10e_trajectory_pkg/share/ur10e_trajectory_pkg/hook/pythonpath.sh'
[4.418s] Level 1:colcon.colcon_core.environment:checking '/root/ros2_ws/install/ur10e_trajectory_pkg/bin'
[4.418s] Level 1:colcon.colcon_core.environment:create_environment_scripts_only(ur10e_trajectory_pkg)
[4.418s] INFO:colcon.colcon_core.shell:Creating package script '/root/ros2_ws/install/ur10e_trajectory_pkg/share/ur10e_trajectory_pkg/package.ps1'
[4.419s] INFO:colcon.colcon_core.shell:Creating package descriptor '/root/ros2_ws/install/ur10e_trajectory_pkg/share/ur10e_trajectory_pkg/package.dsv'
[4.419s] INFO:colcon.colcon_core.shell:Creating package script '/root/ros2_ws/install/ur10e_trajectory_pkg/share/ur10e_trajectory_pkg/package.sh'
[4.420s] INFO:colcon.colcon_core.shell:Creating package script '/root/ros2_ws/install/ur10e_trajectory_pkg/share/ur10e_trajectory_pkg/package.bash'
[4.420s] INFO:colcon.colcon_core.shell:Creating package script '/root/ros2_ws/install/ur10e_trajectory_pkg/share/ur10e_trajectory_pkg/package.zsh'
[4.420s] Level 1:colcon.colcon_core.environment:create_file_with_runtime_dependencies(/root/ros2_ws/install/ur10e_trajectory_pkg/share/colcon-core/packages/ur10e_trajectory_pkg)
[4.421s] DEBUG:colcon.colcon_parallel_executor.executor.parallel:closing loop
[4.421s] DEBUG:colcon.colcon_parallel_executor.executor.parallel:loop closed
[4.421s] DEBUG:colcon.colcon_parallel_executor.executor.parallel:run_until_complete finished with '0'
[4.421s] DEBUG:colcon.colcon_core.event_reactor:joining thread
[4.431s] INFO:colcon.colcon_core.plugin_system:Skipping extension 'colcon_notification.desktop_notification.notify_send': Could not find 'notify-send'
[4.431s] INFO:colcon.colcon_core.plugin_system:Skipping extension 'colcon_notification.desktop_notification.terminal_notifier': Not used on non-Darwin systems
[4.431s] INFO:colcon.colcon_core.plugin_system:Skipping extension 'colcon_notification.desktop_notification.win32': Not used on non-Windows systems
[4.431s] INFO:colcon.colcon_notification.desktop_notification:Sending desktop notification using 'notify2'
[4.433s] DEBUG:colcon.colcon_notification.desktop_notification.notify2:Failed to initialize notify2: org.freedesktop.DBus.Error.Spawn.ExecFailed: /usr/bin/dbus-launch terminated abnormally without any error message
[4.433s] DEBUG:colcon.colcon_core.event_reactor:joined thread
[4.434s] INFO:colcon.colcon_core.shell:Creating prefix script '/root/ros2_ws/install/local_setup.ps1'
[4.435s] INFO:colcon.colcon_core.shell:Creating prefix util module '/root/ros2_ws/install/_local_setup_util_ps1.py'
[4.436s] INFO:colcon.colcon_core.shell:Creating prefix chain script '/root/ros2_ws/install/setup.ps1'
[4.437s] INFO:colcon.colcon_core.shell:Creating prefix script '/root/ros2_ws/install/local_setup.sh'
[4.437s] INFO:colcon.colcon_core.shell:Creating prefix util module '/root/ros2_ws/install/_local_setup_util_sh.py'
[4.438s] INFO:colcon.colcon_core.shell:Creating prefix chain script '/root/ros2_ws/install/setup.sh'
[4.439s] INFO:colcon.colcon_core.shell:Creating prefix script '/root/ros2_ws/install/local_setup.bash'
[4.439s] INFO:colcon.colcon_core.shell:Creating prefix chain script '/root/ros2_ws/install/setup.bash'
[4.440s] INFO:colcon.colcon_core.shell:Creating prefix script '/root/ros2_ws/install/local_setup.zsh'
[4.441s] INFO:colcon.colcon_core.shell:Creating prefix chain script '/root/ros2_ws/install/setup.zsh'
